============================================================
   Tang Dynasty, V6.2.168116
   Copyright (c) 2012-2025 Anlogic Inc.
   Executable = D:/FPGA/TD6_2_1/bin/run.exe
   Built at =   16:32:07 Jun 12 2025
   Run by =     GL
   Run Date =   Wed Nov  5 17:24:47 2025

   Run on =     DESKTOP-7VJ84VU
============================================================
RUN-1002 : start command "import_device eagle_s20.db -package EG4S20BG256"
RUN-1001 : Using default speed grade: NA
ARC-1001 : Device Initialization.
ARC-1001 : ------------------------------------------------------------------
ARC-1001 :            OPTION            |          IO          |   SETTING   
ARC-1001 : ------------------------------------------------------------------
ARC-1001 :   cso_b/cclk/mosi/miso/dout  |  T3/R11/T10/P10/S11  |    gpio    
ARC-1001 :             done             |         P13          |    gpio    
ARC-1001 :           program_b          |          T2          |  dedicate  
ARC-1001 :        tdi/tms/tck/tdo       |   C12/A15/C14/E14    |  dedicate  
ARC-1001 : ------------------------------------------------------------------
ARC-1004 : Device setting, marked 5 dedicate IOs in total.
RUN-1002 : start command "open_project last_attempt.prj -noanalyze"
RUN-1002 : start command "import_db ../syn_1/last_attempt_gate.db"
RUN-1001 : Importing database generated by Tang Dynasty, V6.2.168116.
RUN-1001 : Database version number 46207
RUN-1001 : Import flow parameters
RUN-1001 : Import netlist
RUN-1001 : Import timing constraints
RUN-1001 : Import IO constraints
RUN-1001 : Import Inst constraints
RUN-1001 : Import ChipWatcher
RUN-1001 : Import design success TD_VERSION=6.2.168116 , DB_VERSION=46207
RUN-1002 : start command "commit_param -step place"
RUN-1001 : Print Global Property
RUN-1001 : --------------------------------------------------------
RUN-1001 :   Parameters   |  Settings  |  Default Values  |  Note  
RUN-1001 : --------------------------------------------------------
RUN-1001 :   enable_seed  |    off     |       off        |        
RUN-1001 :     message    |  standard  |     standard     |        
RUN-1001 :   qor_monitor  |     on     |        on        |        
RUN-1001 :   syn_ip_flow  |    off     |       off        |        
RUN-1001 :     thread     |    auto    |       auto       |        
RUN-1001 : --------------------------------------------------------
RUN-1001 : Print Place Property
RUN-1001 : -----------------------------------------------------------
RUN-1001 :     Parameters    |  Settings  |  Default Values  |  Note  
RUN-1001 : -----------------------------------------------------------
RUN-1001 :       effort      |   medium   |      medium      |        
RUN-1001 :   hfn_opt_effort  |   medium   |      medium      |        
RUN-1001 :     max_fanout    |   999999   |      999999      |        
RUN-1001 :     opt_timing    |   medium   |      medium      |        
RUN-1001 :   post_place_opt  |    auto    |       auto       |        
RUN-1001 :    pr_strategy    |     1      |        1         |        
RUN-1001 :     relaxation    |    1.00    |       1.00       |        
RUN-1001 : -----------------------------------------------------------
RUN-1002 : start command "insert_debugger ../../chip_debugger"
RUN-1002 : start command "config_chipwatcher ../../chip_debugger/user.cfg"
RUN-1002 : start command "update_timing"
RUN-1002 : start command "start_timer"
USR-1002 : Derived clock:  create_generated_clock -name {tf0_sys_pll/pll_inst.clkc[0]} -source [get_ports {clk_50}] -master_clock {clk_in} -multiply_by 2.0000 -duty_cycle 50.0000 [get_pins {tf0_sys_pll/pll_inst.clkc[0]}]
USR-1002 : Derived clock:  create_generated_clock -name {tf0_sys_pll/pll_inst.clkc[1]} -source [get_ports {clk_50}] -master_clock {clk_in} -multiply_by 2.5000 -duty_cycle 50.0000 [get_pins {tf0_sys_pll/pll_inst.clkc[1]}]
USR-1002 : Derived clock:  create_generated_clock -name {tf0_sys_pll/pll_inst.clkc[2]} -source [get_ports {clk_50}] -master_clock {clk_in} -multiply_by 2.5000 -phase 180 -duty_cycle 50.0000 [get_pins {tf0_sys_pll/pll_inst.clkc[2]}]
USR-1002 : Derived clock:  create_generated_clock -name {u0_clk_wize/pll_inst.clkc[0]} -source [get_ports {clk_50}] -master_clock {clk_in} -multiply_by 2.5000 -duty_cycle 50.0000 [get_pins {u0_clk_wize/pll_inst.clkc[0]}]
USR-1002 : Derived clock:  create_generated_clock -name {u0_clk_wize/pll_inst.clkc[1]} -source [get_ports {clk_50}] -master_clock {clk_in} -divide_by 2.0000 -duty_cycle 50.0000 [get_pins {u0_clk_wize/pll_inst.clkc[1]}]
USR-1002 : Derived clock:  create_generated_clock -name {u_clk_gen/u_pll_0/pll_inst.clkc[0]} -source [get_ports {clk_50}] -master_clock {clk_in} -multiply_by 2.5000 -duty_cycle 50.0000 [get_pins {u_clk_gen/u_pll_0/pll_inst.clkc[0]}]
USR-1002 : Derived clock:  create_generated_clock -name {u_clk_gen/u_pll_0/pll_inst.clkc[1]} -source [get_ports {clk_50}] -master_clock {clk_in} -multiply_by 2.5000 -duty_cycle 50.0000 [get_pins {u_clk_gen/u_pll_0/pll_inst.clkc[1]}]
USR-1002 : Derived clock:  create_generated_clock -name {u_clk_gen/u_pll_0/pll_inst.clkc[4]} -source [get_ports {clk_50}] -master_clock {clk_in} -multiply_by 2.5000 -phase 90 -duty_cycle 50.0000 [get_pins {u_clk_gen/u_pll_0/pll_inst.clkc[4]}]
USR-8130 CRITICAL-WARNING: No clock match the pattern: u_clk_gen/u_pll_0/pll_inst.clkc\[3\].
USR-8124 CRITICAL-WARNING: Rename_clock: please specify object list.
USR-8159 CRITICAL-WARNING: Command rename_clock -name {pll_inst_25M} [get_clocks {u_clk_gen/u_pll_0/pll_inst.clkc[3]}] in D:/FPGA/workplace6_2_1/last_attempt/source_code/constraints/UDP.sdc(8) fails.
TMR-2502 : Net delay update with mode: Synthesized
RUN-1003 : finish command "update_timing" in  1.248175s wall, 1.093750s user + 0.046875s system = 1.140625s CPU (91.4%)

RUN-1004 : used memory is 395 MB, reserved memory is 389 MB, peak memory is 395 MB
KIT-1004 : chipwatcher: sanity check successfully
KIT-1004 : Chipwatcher code = 1000111011000101
KIT-1004 : import watcher inst auto_created_cwc1 completed, there are 3 view node(s), 25 trigger net(s), 25 data net(s).
RUN-1003 : finish command "config_chipwatcher ../../chip_debugger/user.cfg" in  1.248720s wall, 1.109375s user + 0.046875s system = 1.156250s CPU (92.6%)

RUN-1004 : used memory is 395 MB, reserved memory is 389 MB, peak memory is 395 MB
RUN-1002 : start command "compile_watcher"
KIT-1004 : Ooc flow for module top_debug_hub is running...
RUN-1002 : start command "import_db -mode ooc cw/debug_hub/top_debug_hub_ooc.db"
USR-1600 : Load OOC design OOC Model: top_debug_hub .
RUN-1001 : Import OOC design success TD_VERSION=6.2.168116 , DB_VERSION=46207
KIT-1004 : Ooc flow for module auto_created_cwc1 is running...
RUN-1002 : start command "import_db -mode ooc cw/auto_created_cwc1/auto_created_cwc1_ooc.db"
USR-1600 : Load OOC design OOC Model: auto_created_cwc1 .
RUN-1001 : Import OOC design success TD_VERSION=6.2.168116 , DB_VERSION=46207
RUN-1003 : finish command "compile_watcher" in  2.467273s wall, 0.187500s user + 0.078125s system = 0.265625s CPU (10.8%)

RUN-1004 : used memory is 414 MB, reserved memory is 432 MB, peak memory is 414 MB
RUN-1002 : start command "pack -eco"
SYN-4002 : Packing 0 DFF/LATCH to SEQ ...
RUN-1002 : start command "legalize_phy_inst"
SYN-1001 : Stage 1 | Legalize Phy Inst
SYN-1011 : Flatten model last_attempt
SYN-1001 : End Stage 1 | Legalize Phy Inst; Time: 0.022185s wall, 0.031250s user + 0.000000s system = 0.031250s CPU (140.9%); Memory(MB): used = 414, reserved = 432, peak = 414;

RUN-1003 : finish command "insert_debugger ../../chip_debugger" in  3.744881s wall, 1.343750s user + 0.125000s system = 1.468750s CPU (39.2%)

RUN-1004 : used memory is 414 MB, reserved memory is 432 MB, peak memory is 414 MB
RUN-1002 : start command "place"
RUN-1001 : Open license file D:/FPGA/TD6_2_1/license/Anlogic.lic
PHY-3001 : Placer runs in 20 thread(s).
PHY-1001 : Stage 1 | Initialize Design
PHY-1001 : Stage 1.1 | Build Design
PHY-1001 : 7737 luts, 8093 seqs, 646 mslices, 341 lslices, 123 pads, 37 brams, 2 dsps
RUN-1002 : start command "legalize_phy_inst"
SYN-1011 : Flatten model last_attempt
PHY-1001 : Remove keep and sweep redundant instances ...
PHY-1001 : 7736 luts, 8049 seqs, 646 mslices, 335 lslices, 123 pads, 37 brams, 2 dsps
PHY-1001 : End Stage 1.1 | Build Design; Time: 0.052757s wall, 0.062500s user + 0.000000s system = 0.062500s CPU (118.5%); Memory(MB): used = 414, reserved = 432, peak = 414;

PHY-1001 : Stage 1.2 | Optimize Design
OPT-1001 : Stage 1.2.1 | Simplify Lut
OPT-1001 : End Stage 1.2.1 | Simplify Lut; Time: 0.017537s wall, 0.015625s user + 0.000000s system = 0.015625s CPU (89.1%); Memory(MB): used = 414, reserved = 432, peak = 414;

OPT-1001 : Stage 1.2.2 | Sweep
OPT-1001 : End Stage 1.2.2 | Sweep; Time: 0.004977s wall, 0.000000s user + 0.000000s system = 0.000000s CPU (n/a%); Memory(MB): used = 414, reserved = 432, peak = 414;

OPT-1001 : Stage 1.2.3 | Synthesize High-fanout Net
OPT-1001 : Current memory(MB): used = 414, reserved = 432, peak = 414.
OPT-1001 : End Stage 1.2.3 | Synthesize High-fanout Net; Time: 0.000053s wall, 0.000000s user + 0.000000s system = 0.000000s CPU (n/a%); Memory(MB): used = 414, reserved = 432, peak = 414;

OPT-1001 : End physical optimization;  0.022682s wall, 0.015625s user + 0.000000s system = 0.015625s CPU (68.9%)

PHY-1001 : End Stage 1.2 | Optimize Design; Time: 0.022722s wall, 0.015625s user + 0.000000s system = 0.015625s CPU (68.8%); Memory(MB): used = 414, reserved = 432, peak = 414;

PHY-1001 : Stage 1.3 | Initialize Clock
SYN-4016 : Net sd_card_bmp_m0/bmp_read_m0/clk driven by BUFG (393 clock/control pins, 2 other pins).
SYN-4016 : Net u2_hdmi_tx/Inst_DVITransmitter/PCLK_X5_I driven by BUFG (58 clock/control pins, 1 other pins).
SYN-4016 : Net u4_trimac_block/rx_clk driven by BUFG (370 clock/control pins, 0 other pins).
SYN-4016 : Net temac_clk driven by BUFG (0 clock/control pins, 1 other pins).
SYN-4027 : Net U3/u2_ram/u1_init_ref/Sdr_clk is clkc1 of pll tf0_sys_pll/pll_inst.
SYN-4027 : Net U3/u2_ram/SDRAM_CLK is clkc2 of pll tf0_sys_pll/pll_inst.
SYN-4019 : Net clk_50_dup_1 is refclk of pll tf0_sys_pll/pll_inst.
SYN-4020 : Net clk_50_dup_1 is fbclk of pll tf0_sys_pll/pll_inst.
SYN-4027 : Net u2_hdmi_tx/Inst_DVITransmitter/PCLK_I is clkc1 of pll u0_clk_wize/pll_inst.
SYN-4019 : Net clk_50_dup_1 is refclk of pll u0_clk_wize/pll_inst.
SYN-4020 : Net clk_50_dup_1 is fbclk of pll u0_clk_wize/pll_inst.
SYN-4027 : Net udp_clk is clkc1 of pll u_clk_gen/u_pll_0/pll_inst.
SYN-4027 : Net u4_trimac_block/u1_rgmii_interface/rgmii_txc_ddr/clk is clkc4 of pll u_clk_gen/u_pll_0/pll_inst.
SYN-4019 : Net clk_50_dup_1 is refclk of pll u_clk_gen/u_pll_0/pll_inst.
SYN-4020 : Net clk_50_dup_1 is fbclk of pll u_clk_gen/u_pll_0/pll_inst.
SYN-4024 : Net "cwc_jtck" drives clk pins.
SYN-4024 : Net "cam_pclk_dup_1" drives clk pins.
SYN-4024 : Net "u_ov5640_dri/u_i2c_dr/dri_clk" drives clk pins.
SYN-4024 : Net "frame_read_write_m0/write_clk" drives clk pins.
SYN-4024 : Net "u2_udp_loopback/app_tx_data_read" drives clk pins.
SYN-4025 : Tag rtl::Net U3/u2_ram/SDRAM_CLK as clock net
SYN-4025 : Tag rtl::Net U3/u2_ram/u1_init_ref/Sdr_clk as clock net
SYN-4025 : Tag rtl::Net cam_pclk_dup_1 as clock net
SYN-4025 : Tag rtl::Net clk_50_dup_1 as clock net
SYN-4025 : Tag rtl::Net cwc_jtck as clock net
SYN-4025 : Tag rtl::Net frame_read_write_m0/write_clk as clock net
SYN-4025 : Tag rtl::Net sd_card_bmp_m0/bmp_read_m0/clk as clock net
SYN-4025 : Tag rtl::Net temac_clk as clock net
SYN-4025 : Tag rtl::Net u2_hdmi_tx/Inst_DVITransmitter/PCLK_I as clock net
SYN-4025 : Tag rtl::Net u2_hdmi_tx/Inst_DVITransmitter/PCLK_X5_I as clock net
SYN-4025 : Tag rtl::Net u2_udp_loopback/app_tx_data_read as clock net
SYN-4025 : Tag rtl::Net u4_trimac_block/rx_clk as clock net
SYN-4025 : Tag rtl::Net u4_trimac_block/u1_rgmii_interface/rgmii_txc_ddr/clk as clock net
SYN-4025 : Tag rtl::Net u_ov5640_dri/u_i2c_dr/dri_clk as clock net
SYN-4025 : Tag rtl::Net udp_clk as clock net
SYN-4026 : Tagged 15 rtl::Net as clock net
SYN-4015 : Create BUFG instance for clk Net cwc_jtck to drive 417 clock pins.
SYN-4015 : Create BUFG instance for clk Net cam_pclk_dup_1 to drive 69 clock pins.
SYN-4015 : Create BUFG instance for clk Net u_ov5640_dri/u_i2c_dr/dri_clk to drive 68 clock pins.
SYN-4015 : Create BUFG instance for clk Net frame_read_write_m0/write_clk to drive 46 clock pins.
SYN-4015 : Create BUFG instance for clk Net u2_udp_loopback/app_tx_data_read to drive 24 clock pins.
PHY-1001 : Populate physical database on model last_attempt.
RUN-1001 : There are total 16945 instances
RUN-0007 : 7734 luts, 8049 seqs, 646 mslices, 335 lslices, 123 pads, 37 brams, 2 dsps
RUN-1001 : There are total 18576 nets
RUN-1001 : 12924 nets have 2 pins
RUN-1001 : 4462 nets have [3 - 5] pins
RUN-1001 : 693 nets have [6 - 10] pins
RUN-1001 : 296 nets have [11 - 20] pins
RUN-1001 : 171 nets have [21 - 99] pins
RUN-1001 : 30 nets have 100+ pins
PHY-1001 : End Stage 1.3 | Initialize Clock; Time: 0.024993s wall, 0.031250s user + 0.000000s system = 0.031250s CPU (125.0%); Memory(MB): used = 432, reserved = 432, peak = 432;

PHY-1001 : End Stage 1 | Initialize Design; Time: 0.113619s wall, 0.125000s user + 0.000000s system = 0.125000s CPU (110.0%); Memory(MB): used = 432, reserved = 432, peak = 432;

PHY-1001 : Stage 2 | Global Placement
RUN-1001 : Report Control nets information:
RUN-1001 : DFF Distribution
RUN-1001 : -------------------------------------
RUN-1001 :   CE   |  SSR  |  ASR  |  DFF Count  
RUN-1001 : -------------------------------------
RUN-1001 :   No   |  No   |  No   |    1053     
RUN-1001 :   No   |  No   |  Yes  |    2332     
RUN-1001 :   No   |  Yes  |  No   |     144     
RUN-1001 :   Yes  |  No   |  No   |     283     
RUN-1001 :   Yes  |  No   |  Yes  |    3753     
RUN-1001 :   Yes  |  Yes  |  No   |     484     
RUN-1001 : -------------------------------------
RUN-1001 : Control Group Statistic
RUN-1001 : -----------------------------
RUN-1001 :   #CLK  |  #CE  |  #SSR/ASR  
RUN-1001 : -----------------------------
RUN-1001 :    12   |  188  |     27     
RUN-1001 : -----------------------------
RUN-0007 : Control Set = 230
PHY-1001 : Stage 2.1 | Place Fixed Instances
PHY-1001 : End Stage 2.1 | Place Fixed Instances; Time: 0.061626s wall, 0.062500s user + 0.000000s system = 0.062500s CPU (101.4%); Memory(MB): used = 444, reserved = 438, peak = 444;

PHY-1001 : Stage 2.2 | Pre-Place DRC Check
PHY-1001 : Stage 2.2.1 | Force Route Constraint Check
PHY-1001 : Check Pass.
PHY-1001 : End Stage 2.2.1 | Force Route Constraint Check; Time: 0.001197s wall, 0.000000s user + 0.000000s system = 0.000000s CPU (n/a%); Memory(MB): used = 444, reserved = 438, peak = 444;

PHY-1001 : End Stage 2.2 | Pre-Place DRC Check; Time: 0.001353s wall, 0.000000s user + 0.000000s system = 0.000000s CPU (n/a%); Memory(MB): used = 444, reserved = 438, peak = 444;

PHY-1001 : Stage 2.3 | Global Placement Step 1
PHY-3001 : Target density is 49%
PHY-1001 : Stage 2.3.1 | Update Timing
RUN-1002 : start command "start_timer"
PHY-1001 : SWNS: -5291, STNS: -6932755, FEP: 3638
PHY-1001 : End Stage 2.3.1 | Update Timing; Time: 1.381198s wall, 1.343750s user + 0.015625s system = 1.359375s CPU (98.4%); Memory(MB): used = 488, reserved = 482, peak = 488;

PHY-0007 : Cell area utilization is 49%
RUN-1001 : Huge Net Statistic
RUN-1001 : ----------------------------------------------------------
RUN-1001 :   Fanout  |  Slack  |                 Net                 
RUN-1001 : ----------------------------------------------------------
RUN-1001 :    2978   |  -2246  |        u7_rx_fifo/wr_sreset         
RUN-1001 :    2627   |  -2246  |               rst_key               
RUN-1001 :    1280   |   624   |  m_intrusion_detect/mux17_syn_2[0]  
RUN-1001 : ----------------------------------------------------------
PHY-3001 : Clustering ...
PHY-3001 : End clustering;  0.043079s wall, 0.062500s user + 0.078125s system = 0.140625s CPU (326.4%)

PHY-3001 : Target density is 49%
PHY-1001 : Stage 2.3.2 | GP Iteration
PHY-1001 : End Stage 2.3.2 | GP Iteration; Time: 0.717308s wall, 2.656250s user + 1.750000s system = 4.406250s CPU (614.3%); Memory(MB): used = 494, reserved = 487, peak = 494;

PHY-3001 : Multithread accelerating rate: 5.92
TMR-2502 : Net delay update with mode: Placed
PHY-3001 : No need to merge 9x9 Dsps.
PHY-1001 : Populate physical database on model last_attempt.
PHY-1001 : End Stage 2.3 | Global Placement Step 1; Time: 3.243756s wall, 5.125000s user + 1.859375s system = 6.984375s CPU (215.3%); Memory(MB): used = 496, reserved = 489, peak = 496;

PHY-1001 : Stage 2.4 | RAM/DSP Legalization and Detailed Placement
PHY-1001 : Stage 2.4.1 | Legalization
PHY-3001 : Before Legalized: Len = 315392
PHY-3001 : After Legalized: Len = 345220, Over = 120.75
PHY-1001 : End Stage 2.4.1 | Legalization; Time: 1.033200s wall, 0.953125s user + 0.046875s system = 1.000000s CPU (96.8%); Memory(MB): used = 497, reserved = 489, peak = 497;

PHY-1001 : End Stage 2.4 | RAM/DSP Legalization and Detailed Placement; Time: 1.033758s wall, 0.953125s user + 0.046875s system = 1.000000s CPU (96.7%); Memory(MB): used = 497, reserved = 489, peak = 497;

PHY-1001 : Stage 2.5 | Global Placement Step 2
PHY-3001 : Target density is 56%
PHY-1001 : Stage 2.5.1 | Update Timing
PHY-1001 : SWNS: -7493, STNS: -8347479, FEP: 3257
PHY-1001 : End Stage 2.5.1 | Update Timing; Time: 0.089354s wall, 0.093750s user + 0.000000s system = 0.093750s CPU (104.9%); Memory(MB): used = 497, reserved = 489, peak = 497;

PHY-1001 : Stage 2.5.2 | Refresh Congestion
RUN-1001 : Generating global routing grids ...
RUN-1001 : Building simple global routing graph ...
PHY-1001 : Generate routing nets ...
PHY-1001 : Reuse net number 0/5999.
PHY-1001 : Global iterations in 20 thread ...
PHY-1002 : len = 412528, over cnt = 1211(3%), over = 6749, worst = 38
PHY-1001 : End global iterations;  0.225723s wall, 0.296875s user + 0.031250s system = 0.328125s CPU (145.4%)

PHY-1001 : Congestion index:
PHY-1001 : top1  = 80.14(S 134.22, N 136.98, E 115.11, W 85.43, I 0.00, O 0.00)
PHY-1001 : top5  = 57.68(S 84.80, N 92.23, E 76.13, W 52.23, I 0.00, O 0.00)
PHY-1001 : top10 = 46.69(S 64.71, N 72.13, E 58.97, W 40.27, I 0.00, O 0.00)
PHY-1001 : top15 = 40.36(S 53.22, N 59.99, E 49.35, W 33.65, I 0.00, O 0.00)
PHY-1001 : End Stage 2.5.2 | Refresh Congestion; Time: 0.296137s wall, 0.375000s user + 0.031250s system = 0.406250s CPU (137.2%); Memory(MB): used = 538, reserved = 531, peak = 538;

PHY-1001 : Stage 2.5.3 | GP Iteration
PHY-1001 : End Stage 2.5.3 | GP Iteration; Time: 1.131252s wall, 3.984375s user + 0.218750s system = 4.203125s CPU (371.5%); Memory(MB): used = 539, reserved = 532, peak = 539;

PHY-3001 : Multithread accelerating rate: 3.71
PHY-3001 : Low accelerating rate: 3.71. This may happen when it is heavy-loaded.
PHY-1001 : End Stage 2.5 | Global Placement Step 2; Time: 2.569760s wall, 5.500000s user + 0.250000s system = 5.750000s CPU (223.8%); Memory(MB): used = 540, reserved = 532, peak = 540;

PHY-1001 : Stage 2.6 | RAM/DSP Detailed Placement
PHY-1001 : End Stage 2.6 | RAM/DSP Detailed Placement; Time: 0.006931s wall, 0.000000s user + 0.000000s system = 0.000000s CPU (n/a%); Memory(MB): used = 540, reserved = 532, peak = 540;

PHY-1001 : Stage 2.7 | Optimize Design
OPT-1001 : Start physical optimization ...
OPT-1001 : Total overflow 400.97 peak overflow 3.03
OPT-1001 : Stage 2.7.1 | Synthesize High-fanout Net
OPT-1001 : Start high-fanout net optimization in pre-pack flow with medium effort ...
OPT-1001 : Update timing in Manhattan mode
OPT-1001 : End timing update;  1.002727s wall, 1.000000s user + 0.015625s system = 1.015625s CPU (101.3%)

OPT-1001 : Start: SWNS -7493 STNS -9187788 NUM_FEPS 3152
OPT-1001 : Total overflow 400.97 peak overflow 3.03
PHY-1001 : Populate physical database on model last_attempt.
OPT-1001 : 22 high-fanout net processed.
PHY-3001 : Start incremental placement ...
PHY-1001 : Populate physical database on model last_attempt.
PHY-3001 : Target density is 57%
PHY-3001 : Target density is 57%
PHY-1001 : Stage 2.7.1.1 | Update Timing
PHY-1001 : SWNS: -7493, STNS: -8839355, FEP: 3180
PHY-1001 : End Stage 2.7.1.1 | Update Timing; Time: 0.110638s wall, 0.109375s user + 0.000000s system = 0.109375s CPU (98.9%); Memory(MB): used = 545, reserved = 538, peak = 545;

PHY-1001 : Stage 2.7.1.2 | Refresh Congestion
RUN-1001 : Generating global routing grids ...
PHY-1001 : Generate routing nets ...
PHY-1001 : Reuse net number 120/15274.
PHY-1001 : Global iterations in 20 thread ...
PHY-1002 : len = 565920, over cnt = 2667(7%), over = 9918, worst = 26
PHY-1001 : End global iterations;  0.465208s wall, 0.687500s user + 0.015625s system = 0.703125s CPU (151.1%)

PHY-1001 : Congestion index:
PHY-1001 : top1  = 67.14(S 111.64, N 128.02, E 104.83, W 83.00, I 0.00, O 0.00)
PHY-1001 : top5  = 53.09(S 76.65, N 82.38, E 75.98, W 61.88, I 0.00, O 0.00)
PHY-1001 : top10 = 46.96(S 62.22, N 66.48, E 63.93, W 52.32, I 0.00, O 0.00)
PHY-1001 : top15 = 43.14(S 54.24, N 58.58, E 57.01, W 46.81, I 0.00, O 0.00)
PHY-1001 : End Stage 2.7.1.2 | Refresh Congestion; Time: 0.541790s wall, 0.750000s user + 0.015625s system = 0.765625s CPU (141.3%); Memory(MB): used = 555, reserved = 547, peak = 555;

PHY-1001 : Stage 2.7.1.3 | GP Iteration
PHY-1001 : End Stage 2.7.1.3 | GP Iteration; Time: 0.549624s wall, 2.656250s user + 0.046875s system = 2.703125s CPU (491.8%); Memory(MB): used = 556, reserved = 548, peak = 556;

PHY-3001 : Multithread accelerating rate: 4.93
PHY-3001 : Final: Len = 443251, Over = 100.219
PHY-3001 : End incremental placement;  1.351608s wall, 3.656250s user + 0.062500s system = 3.718750s CPU (275.1%)

OPT-1001 : Total overflow 459.72 peak overflow 3.59
RUN-1001 : HFN opt statistic
RUN-1001 : ------------------------------------------------------
RUN-1001 :   DriverCell type  |  HFN count  |  Duplicated count  
RUN-1001 : ------------------------------------------------------
RUN-1001 :         REG        |     16      |        163         
RUN-1001 :        LUT6        |      0      |         0          
RUN-1001 :        LUT5        |      1      |         2          
RUN-1001 :        LUT4        |      1      |         2          
RUN-1001 :        LUT3        |      0      |         0          
RUN-1001 :        LUT2        |      4      |        164         
RUN-1001 :        TOTAL       |     22      |        331         
RUN-1001 : ------------------------------------------------------
OPT-1001 : End high-fanout net optimization;  4.400991s wall, 6.671875s user + 0.125000s system = 6.796875s CPU (154.4%)

OPT-1001 : Update timing in Manhattan mode
OPT-1001 : End timing update;  1.058850s wall, 1.062500s user + 0.000000s system = 1.062500s CPU (100.3%)

OPT-1001 : Current memory(MB): used = 557, reserved = 549, peak = 557.
OPT-1001 : End Stage 2.7.1 | Synthesize High-fanout Net; Time: 5.565808s wall, 7.843750s user + 0.125000s system = 7.968750s CPU (143.2%); Memory(MB): used = 557, reserved = 549, peak = 557;

OPT-1001 : Stage 2.7.2 | Global Optimization
OPT-1001 : Start global optimization ...
OPT-0007 : Start: SWNS -7443 STNS -6166456 NUM_FEPS 3173
OPT-1001 : Start congestion update ...
RUN-1001 : Generating global routing grids ...
PHY-1001 : Generate routing nets ...
PHY-1001 : Reuse net number 3010/14983.
PHY-1001 : Global iterations in 20 thread ...
PHY-1002 : len = 546976, over cnt = 2306(6%), over = 6006, worst = 13
PHY-1002 : len = 586584, over cnt = 1721(4%), over = 3356, worst = 11
PHY-1002 : len = 617976, over cnt = 886(2%), over = 1518, worst = 9
PHY-1002 : len = 641464, over cnt = 211(0%), over = 321, worst = 8
PHY-1002 : len = 648728, over cnt = 0(0%), over = 0, worst = 0
PHY-1001 : End global iterations;  1.063177s wall, 1.203125s user + 0.015625s system = 1.218750s CPU (114.6%)

PHY-1001 : Congestion index:
PHY-1001 : top1  = 53.05(S 65.60, N 71.14, E 70.11, W 61.34, I 0.00, O 0.00)
PHY-1001 : top5  = 45.05(S 54.55, N 55.34, E 57.38, W 52.31, I 0.00, O 0.00)
PHY-1001 : top10 = 41.13(S 48.67, N 48.64, E 51.43, W 46.75, I 0.00, O 0.00)
PHY-1001 : top15 = 38.62(S 44.97, N 44.85, E 47.42, W 43.23, I 0.00, O 0.00)
OPT-1001 : End congestion update;  1.217196s wall, 1.359375s user + 0.015625s system = 1.375000s CPU (113.0%)

OPT-0007 : Iter 1: improved SWNS -7443 STNS -3194056 NUM_FEPS 3173 with 98 cells processed and 5950 slack improved
OPT-0007 : Iter 2: improved SWNS -7443 STNS -3194056 NUM_FEPS 3173 with 2 cells processed and 0 slack improved
OPT-1001 : Overall commit ratio 1.00
OPT-1001 : End global optimization;  1.324220s wall, 1.437500s user + 0.031250s system = 1.468750s CPU (110.9%)

OPT-1001 : Current memory(MB): used = 557, reserved = 549, peak = 557.
OPT-1001 : End Stage 2.7.2 | Global Optimization; Time: 1.807948s wall, 1.906250s user + 0.031250s system = 1.937500s CPU (107.2%); Memory(MB): used = 557, reserved = 549, peak = 557;

OPT-0007 : End flow prepack: SWNS -7443 STNS -3194056 NUM_FEPS 3173
OPT-1001 : End physical optimization;  7.401493s wall, 9.781250s user + 0.156250s system = 9.937500s CPU (134.3%)

PHY-1001 : End Stage 2.7 | Optimize Design; Time: 7.403790s wall, 9.781250s user + 0.156250s system = 9.937500s CPU (134.2%); Memory(MB): used = 557, reserved = 549, peak = 557;

PHY-1001 : Stage 2.8 | Place Packing
PHY-1001 : Stage 2.8.1 | Packing
SYN-4007 : Packing 0 MUX to BLE ...
SYN-4008 : Packed 0 MUX and 0 SEQ to BLE.
SYN-4007 : Packing 7902 LUT to BLE ...
SYN-4008 : Packed 7902 LUT and 4057 SEQ to BLE.
SYN-4003 : Packing 4155 remaining SEQ's ...
SYN-4005 : Packed 2573 SEQ with LUT/SLICE
SYN-4006 : 1494 single LUT's are left
SYN-4006 : 1582 single SEQ's are left
SYN-4011 : Packing model "last_attempt" (AL_USER_NORMAL) with 9484/10646 primitive instances ...
PHY-1001 : Populate physical database on model last_attempt.
RUN-1001 : There are total 6502 instances
RUN-1001 : 3160 mslices, 3161 lslices, 123 pads, 37 brams, 2 dsps
RUN-1001 : There are total 15024 nets
RUN-1001 : 8718 nets have 2 pins
RUN-1001 : 4701 nets have [3 - 5] pins
RUN-1001 : 810 nets have [6 - 10] pins
RUN-1001 : 404 nets have [11 - 20] pins
RUN-1001 : 377 nets have [21 - 99] pins
RUN-1001 : 14 nets have 100+ pins
PHY-3001 : Target density is 73%
RUN-1002 : start command "start_timer"
USR-1002 : Derived clock:  create_generated_clock -name {tf0_sys_pll/pll_inst.clkc[0]} -source [get_ports {clk_50}] -master_clock {clk_in} -multiply_by 2.0000 -duty_cycle 50.0000 [get_pins {tf0_sys_pll/pll_inst.clkc[0]}]
USR-1002 : Derived clock:  create_generated_clock -name {tf0_sys_pll/pll_inst.clkc[1]} -source [get_ports {clk_50}] -master_clock {clk_in} -multiply_by 2.5000 -duty_cycle 50.0000 [get_pins {tf0_sys_pll/pll_inst.clkc[1]}]
USR-1002 : Derived clock:  create_generated_clock -name {tf0_sys_pll/pll_inst.clkc[2]} -source [get_ports {clk_50}] -master_clock {clk_in} -multiply_by 2.5000 -phase 180 -duty_cycle 50.0000 [get_pins {tf0_sys_pll/pll_inst.clkc[2]}]
USR-1002 : Derived clock:  create_generated_clock -name {u0_clk_wize/pll_inst.clkc[0]} -source [get_ports {clk_50}] -master_clock {clk_in} -multiply_by 2.5000 -duty_cycle 50.0000 [get_pins {u0_clk_wize/pll_inst.clkc[0]}]
USR-1002 : Derived clock:  create_generated_clock -name {u0_clk_wize/pll_inst.clkc[1]} -source [get_ports {clk_50}] -master_clock {clk_in} -divide_by 2.0000 -duty_cycle 50.0000 [get_pins {u0_clk_wize/pll_inst.clkc[1]}]
USR-1002 : Derived clock:  create_generated_clock -name {u_clk_gen/u_pll_0/pll_inst.clkc[0]} -source [get_ports {clk_50}] -master_clock {clk_in} -multiply_by 2.5000 -duty_cycle 50.0000 [get_pins {u_clk_gen/u_pll_0/pll_inst.clkc[0]}]
USR-1002 : Derived clock:  create_generated_clock -name {u_clk_gen/u_pll_0/pll_inst.clkc[1]} -source [get_ports {clk_50}] -master_clock {clk_in} -multiply_by 2.5000 -duty_cycle 50.0000 [get_pins {u_clk_gen/u_pll_0/pll_inst.clkc[1]}]
USR-1002 : Derived clock:  create_generated_clock -name {u_clk_gen/u_pll_0/pll_inst.clkc[4]} -source [get_ports {clk_50}] -master_clock {clk_in} -multiply_by 2.5000 -phase 90 -duty_cycle 50.0000 [get_pins {u_clk_gen/u_pll_0/pll_inst.clkc[4]}]
USR-8130 CRITICAL-WARNING: No clock match the pattern: u_clk_gen/u_pll_0/pll_inst.clkc\[3\].
USR-8124 CRITICAL-WARNING: Rename_clock: please specify object list.
USR-8159 CRITICAL-WARNING: Command rename_clock -name {pll_inst_25M} [get_clocks {u_clk_gen/u_pll_0/pll_inst.clkc[3]}] in D:/FPGA/workplace6_2_1/last_attempt/source_code/constraints/UDP.sdc(8) fails.
PHY-1001 : End Stage 2.8.1 | Packing; Time: 2.784684s wall, 2.593750s user + 0.078125s system = 2.671875s CPU (95.9%); Memory(MB): used = 558, reserved = 549, peak = 558;

PHY-1001 : Stage 2.8.2 | Post Pack GP
PHY-3001 : Target density is 70%
PHY-3001 : Cell area utilization is 70%
PHY-3001 : After packing: Len = 446053, Over = 241.25
PHY-3001 : Target density is 70%
PHY-1001 : Stage 2.8.2.1 | Update Timing
PHY-1001 : SWNS: -7393, STNS: -1795300, FEP: 2000
PHY-1001 : End Stage 2.8.2.1 | Update Timing; Time: 0.088196s wall, 0.078125s user + 0.000000s system = 0.078125s CPU (88.6%); Memory(MB): used = 558, reserved = 549, peak = 558;

PHY-1001 : Stage 2.8.2.2 | Refresh Congestion
RUN-1001 : Generating global routing grids ...
PHY-1001 : Generate routing nets ...
PHY-1001 : Reuse net number 5723/12390.
PHY-1001 : Global iterations in 20 thread ...
PHY-1002 : len = 599872, over cnt = 1557(4%), over = 2791, worst = 9
PHY-1002 : len = 616248, over cnt = 1073(3%), over = 1608, worst = 7
PHY-1002 : len = 629072, over cnt = 546(1%), over = 773, worst = 6
PHY-1002 : len = 634816, over cnt = 288(0%), over = 383, worst = 5
PHY-1002 : len = 642000, over cnt = 0(0%), over = 0, worst = 0
PHY-1001 : End global iterations;  0.720653s wall, 0.859375s user + 0.000000s system = 0.859375s CPU (119.2%)

PHY-1001 : Congestion index:
PHY-1001 : top1  = 53.33(S 66.72, N 68.62, E 67.74, W 61.57, I 0.00, O 0.00)
PHY-1001 : top5  = 44.46(S 55.02, N 54.11, E 55.82, W 50.51, I 0.00, O 0.00)
PHY-1001 : top10 = 40.46(S 48.81, N 48.04, E 49.75, W 45.09, I 0.00, O 0.00)
PHY-1001 : top15 = 38.08(S 44.86, N 44.38, E 46.02, W 41.53, I 0.00, O 0.00)
PHY-1001 : End Stage 2.8.2.2 | Refresh Congestion; Time: 0.917790s wall, 1.046875s user + 0.000000s system = 1.046875s CPU (114.1%); Memory(MB): used = 561, reserved = 553, peak = 561;

PHY-1001 : Stage 2.8.2.3 | GP Iteration
PHY-1001 : End Stage 2.8.2.3 | GP Iteration; Time: 0.387754s wall, 1.984375s user + 0.062500s system = 2.046875s CPU (527.9%); Memory(MB): used = 561, reserved = 553, peak = 561;

PHY-3001 : Multithread accelerating rate: 5.45
PHY-1001 : End Stage 2.8.2 | Post Pack GP; Time: 1.402631s wall, 3.140625s user + 0.109375s system = 3.250000s CPU (231.7%); Memory(MB): used = 561, reserved = 553, peak = 561;

PHY-1001 : End Stage 2.8 | Place Packing; Time: 4.187398s wall, 5.734375s user + 0.187500s system = 5.921875s CPU (141.4%); Memory(MB): used = 561, reserved = 553, peak = 561;

PHY-1001 : Stage 2.9 | Legalization
PHY-3001 : Before Legalized: Len = 511675
PHY-3001 : After Legalized: Len = 570503, Over = 0
PHY-1001 : End Stage 2.9 | Legalization; Time: 0.012513s wall, 0.015625s user + 0.000000s system = 0.015625s CPU (124.9%); Memory(MB): used = 562, reserved = 553, peak = 562;

PHY-1001 : Stage 2.10 | Global Placement Step 3
PHY-3001 : Target density is 70%
PHY-1001 : Stage 2.10.1 | Update Timing
PHY-1001 : SWNS: -7393, STNS: -1656570, FEP: 1939
PHY-1001 : End Stage 2.10.1 | Update Timing; Time: 0.945861s wall, 0.953125s user + 0.000000s system = 0.953125s CPU (100.8%); Memory(MB): used = 563, reserved = 555, peak = 563;

PHY-1001 : Stage 2.10.2 | Refresh Congestion
RUN-1001 : Generating global routing grids ...
PHY-1001 : Generate routing nets ...
PHY-1001 : Reuse net number 423/13647.
PHY-1001 : Global iterations in 20 thread ...
PHY-1002 : len = 718264, over cnt = 2174(6%), over = 3810, worst = 8
PHY-1002 : len = 743168, over cnt = 1379(3%), over = 2068, worst = 8
PHY-1002 : len = 766552, over cnt = 403(1%), over = 619, worst = 7
PHY-1002 : len = 774968, over cnt = 25(0%), over = 38, worst = 4
PHY-1002 : len = 775312, over cnt = 10(0%), over = 12, worst = 2
PHY-1001 : End global iterations;  1.118498s wall, 1.343750s user + 0.031250s system = 1.375000s CPU (122.9%)

PHY-1001 : Congestion index:
PHY-1001 : top1  = 53.40(S 65.78, N 68.02, E 66.98, W 60.37, I 0.00, O 0.00)
PHY-1001 : top5  = 46.61(S 57.28, N 56.99, E 57.19, W 51.39, I 0.00, O 0.00)
PHY-1001 : top10 = 43.32(S 52.52, N 52.12, E 51.86, W 46.33, I 0.00, O 0.00)
PHY-1001 : top15 = 41.33(S 49.32, N 49.02, E 48.33, W 43.23, I 0.00, O 0.00)
PHY-1001 : End Stage 2.10.2 | Refresh Congestion; Time: 1.335559s wall, 1.531250s user + 0.046875s system = 1.578125s CPU (118.2%); Memory(MB): used = 574, reserved = 565, peak = 574;

PHY-1001 : Stage 2.10.3 | GP Iteration
PHY-1001 : End Stage 2.10.3 | GP Iteration; Time: 0.208898s wall, 0.875000s user + 0.031250s system = 0.906250s CPU (433.8%); Memory(MB): used = 574, reserved = 565, peak = 574;

PHY-3001 : Multithread accelerating rate: 4.31
PHY-1001 : End Stage 2.10 | Global Placement Step 3; Time: 2.512155s wall, 3.375000s user + 0.078125s system = 3.453125s CPU (137.5%); Memory(MB): used = 574, reserved = 565, peak = 574;

PHY-1001 : Stage 2.11 | Final Legalization
PHY-3001 : Before Legalized: Len = 494202
PHY-3001 : After Legalized: Len = 524329, Over = 0
PHY-1001 : End Stage 2.11 | Final Legalization; Time: 0.014248s wall, 0.015625s user + 0.000000s system = 0.015625s CPU (109.7%); Memory(MB): used = 574, reserved = 565, peak = 574;

PHY-1001 : End Stage 2 | Global Placement; Time: 21.074822s wall, 30.578125s user + 2.578125s system = 33.156250s CPU (157.3%); Memory(MB): used = 574, reserved = 565, peak = 574;

PHY-1001 : Stage 3 | Detailed Placement
PHY-1001 : Stage 3.1 | SLICE Detailed Placement
PHY-1001 : Stage 3.1.1 | Spreading
PHY-3001 : Spreading special nets. 210 overflows in 2952 tiles.
PHY-3001 : End spreading;  0.029159s wall, 0.031250s user + 0.000000s system = 0.031250s CPU (107.2%)

PHY-1001 : End Stage 3.1.1 | Spreading; Time: 0.029197s wall, 0.031250s user + 0.000000s system = 0.031250s CPU (107.0%); Memory(MB): used = 575, reserved = 566, peak = 575;

PHY-3001 : Final: Len = 528405, Over = 0
PHY-1001 : End Stage 3.1 | SLICE Detailed Placement; Time: 1.011055s wall, 0.968750s user + 0.015625s system = 0.984375s CPU (97.4%); Memory(MB): used = 575, reserved = 566, peak = 575;

PHY-3001 : BANK 5 DIFFRESISTOR:NONE VOD:350M VCM:1.2
PHY-3001 : End Detailed Place; 
PHY-1001 : Stage 3.2 | Optimize Design
OPT-1001 : Start physical optimization ...
OPT-1001 : Total overflow 0.00 peak overflow 0.00
OPT-1001 : Stage 3.2.1 | Physical Optimization
OPT-1001 : Start high-fanout net optimization in optimize equivalent flow with medium effort ...
OPT-1001 : Clean unloaded insts before merging registers
PHY-1001 : Populate physical database on model last_attempt.
PHY-1001 : Populate physical database on model last_attempt.
OPT-1001 : Total overflow 0.00 peak overflow 0.00
OPT-1001 : End optimize duplicated nets. Total 161 instances are merged and 2771 sinks are reconnected,  0.121873s wall, 0.125000s user + 0.000000s system = 0.125000s CPU (102.6%)

OPT-1001 : End high-fanout net optimization;  0.122280s wall, 0.125000s user + 0.000000s system = 0.125000s CPU (102.2%)

OPT-1001 : Update timing in Manhattan mode
RUN-1002 : start command "start_timer"
OPT-1001 : End timing update;  1.437006s wall, 1.421875s user + 0.000000s system = 1.421875s CPU (98.9%)

OPT-1001 : Current memory(MB): used = 575, reserved = 566, peak = 575.
OPT-1001 : End Stage 3.2.1 | Physical Optimization; Time: 1.651212s wall, 1.640625s user + 0.000000s system = 1.640625s CPU (99.4%); Memory(MB): used = 575, reserved = 566, peak = 575;

OPT-1001 : Stage 3.2.2 | Synthesize High-fanout Net
OPT-1001 : Start high-fanout net optimization in post-pack flow with medium effort ...
OPT-1001 : Start: SWNS -7343 STNS -1631941 NUM_FEPS 1915
OPT-1001 : Total overflow 0.00 peak overflow 0.00
PHY-1001 : Populate physical database on model last_attempt.
OPT-1001 : 24 high-fanout net processed.
OPT-1001 : Total overflow 0.00 peak overflow 0.00
RUN-1001 : HFN opt statistic
RUN-1001 : ------------------------------------------------------
RUN-1001 :   DriverCell type  |  HFN count  |  Duplicated count  
RUN-1001 : ------------------------------------------------------
RUN-1001 :       LSLICE       |      0      |         0          
RUN-1001 :       MSLICE       |      0      |         0          
RUN-1001 :        OTHER       |     24      |        108         
RUN-1001 :        TOTAL       |     24      |        108         
RUN-1001 : ------------------------------------------------------
OPT-1001 : End high-fanout net optimization;  1.595887s wall, 1.531250s user + 0.000000s system = 1.531250s CPU (95.9%)

OPT-1001 : Current memory(MB): used = 575, reserved = 566, peak = 575.
OPT-1001 : End Stage 3.2.2 | Synthesize High-fanout Net; Time: 1.706691s wall, 1.625000s user + 0.000000s system = 1.625000s CPU (95.2%); Memory(MB): used = 575, reserved = 566, peak = 575;

OPT-1001 : Stage 3.2.3 | Optimize Path
OPT-1001 : Start path based optimization ...
OPT-0007 : Start: SWNS -7343 STNS -688439 NUM_FEPS 719 with mode 0
OPT-1001 : Start congestion update ...
RUN-1001 : Generating global routing grids ...
PHY-1001 : Generate routing nets ...
PHY-1001 : Reuse net number 3408/13460.
PHY-1001 : Global iterations in 20 thread ...
PHY-1002 : len = 688752, over cnt = 2035(5%), over = 3444, worst = 8
PHY-1002 : len = 712384, over cnt = 1228(3%), over = 1740, worst = 8
PHY-1002 : len = 724928, over cnt = 647(1%), over = 907, worst = 8
PHY-1002 : len = 736712, over cnt = 129(0%), over = 185, worst = 5
PHY-1002 : len = 739448, over cnt = 0(0%), over = 0, worst = 0
PHY-1001 : End global iterations;  0.975349s wall, 1.046875s user + 0.015625s system = 1.062500s CPU (108.9%)

PHY-1001 : Congestion index:
PHY-1001 : top1  = 51.76(S 65.17, N 66.81, E 67.84, W 61.36, I 0.00, O 0.00)
PHY-1001 : top5  = 44.76(S 55.51, N 55.94, E 55.62, W 51.31, I 0.00, O 0.00)
PHY-1001 : top10 = 41.51(S 50.19, N 50.48, E 49.99, W 46.46, I 0.00, O 0.00)
PHY-1001 : top15 = 39.49(S 46.90, N 47.15, E 46.74, W 43.24, I 0.00, O 0.00)
OPT-1001 : End congestion update;  1.210528s wall, 1.250000s user + 0.015625s system = 1.265625s CPU (104.6%)

PHY-3001 : Start incremental legalization ...
PHY-1001 : Populate physical database on model last_attempt.
PHY-7002 CRITICAL-WARNING: Instance U3/sdram location (12, 12) is not honored. Cell's initial location is not legal at the beginning of ECO placement, and will be moved during placement. Please verify user location constraints through the adc file.
PHY-3001 : Target density is 65%
PHY-3001 : Target density is 71%
PHY-3001 : Initial: Len = 708770, Over = 0
PHY-3001 : End spreading;  0.022322s wall, 0.015625s user + 0.000000s system = 0.015625s CPU (70.0%)

PHY-3001 : Final: Len = 708770, Over = 0
PHY-3001 : End incremental legalization;  0.137711s wall, 0.171875s user + 0.000000s system = 0.171875s CPU (124.8%)

OPT-0007 : Iter 1: improved SWNS -7343 STNS -688439 NUM_FEPS 719 with 608(5109) cells and 2699(2699) paths processed with 382985 slack improved, crit_thod: 345 ratio: 1.00(608/609) rt: 2.4s
OPT-0007 : Iter 2: improved SWNS -7343 STNS -688439 NUM_FEPS 719 with 0(0) cells and 0(0) paths processed with 0 slack improved, crit_thod: 391 ratio: -1.00(0/0) rt: 0.0s
OPT-1001 : End path based optimization;  3.619337s wall, 3.656250s user + 0.046875s system = 3.703125s CPU (102.3%)

OPT-1001 : Update timing in Manhattan mode
OPT-1001 : End timing update;  1.005352s wall, 1.015625s user + 0.000000s system = 1.015625s CPU (101.0%)

OPT-1001 : Current memory(MB): used = 583, reserved = 574, peak = 583.
OPT-1001 : End Stage 3.2.3 | Optimize Path; Time: 4.731240s wall, 4.781250s user + 0.046875s system = 4.828125s CPU (102.0%); Memory(MB): used = 583, reserved = 574, peak = 583;

OPT-1001 : Stage 3.2.4 | Optimize Duplicated Nets
OPT-1001 : Start: WNS -6643 TNS -588586 NUM_FEPS 556
OPT-1001 : Clean unloaded insts before merging registers
PHY-1001 : Populate physical database on model last_attempt.
PHY-1001 : Populate physical database on model last_attempt.
OPT-1001 : Total overflow 0.00 peak overflow 0.00
OPT-1001 : End optimize duplicated nets. Total 25 instances are merged and 2773 sinks are reconnected,  0.336743s wall, 0.328125s user + 0.000000s system = 0.328125s CPU (97.4%)

OPT-1001 : Update timing in Manhattan mode
RUN-1002 : start command "start_timer"
OPT-1001 : End timing update;  1.506082s wall, 1.500000s user + 0.000000s system = 1.500000s CPU (99.6%)

OPT-1001 : Current memory(MB): used = 583, reserved = 574, peak = 583.
OPT-1001 : End Stage 3.2.4 | Optimize Duplicated Nets; Time: 1.939672s wall, 1.921875s user + 0.000000s system = 1.921875s CPU (99.1%); Memory(MB): used = 583, reserved = 574, peak = 583;

OPT-1001 : Stage 3.2.5 | Swap Pins
OPT-1001 : Start pin optimization...
OPT-1001 : skip pin optimization...
OPT-1001 : Current memory(MB): used = 584, reserved = 574, peak = 584.
OPT-1001 : End Stage 3.2.5 | Swap Pins; Time: 0.097952s wall, 0.093750s user + 0.000000s system = 0.093750s CPU (95.7%); Memory(MB): used = 584, reserved = 574, peak = 584;

OPT-0007 : End flow postpack: SWNS -6643 STNS -591447 NUM_FEPS 664
RUN-1001 : Generating global routing grids ...
PHY-1001 : Generate routing nets ...
PHY-1001 : Reuse net number 11590/13485.
PHY-1001 : Global iterations in 20 thread ...
PHY-1002 : len = 895096, over cnt = 860(2%), over = 1151, worst = 6
PHY-1002 : len = 901152, over cnt = 593(1%), over = 707, worst = 4
PHY-1002 : len = 909112, over cnt = 175(0%), over = 198, worst = 3
PHY-1002 : len = 912312, over cnt = 25(0%), over = 31, worst = 3
PHY-1002 : len = 912720, over cnt = 2(0%), over = 2, worst = 1
PHY-1001 : End global iterations;  0.433031s wall, 0.500000s user + 0.000000s system = 0.500000s CPU (115.5%)

PHY-1001 : Congestion index:
PHY-1001 : top1  = 57.01(S 69.83, N 76.64, E 70.50, W 66.27, I 0.00, O 0.00)
PHY-1001 : top5  = 51.18(S 60.09, N 64.39, E 60.36, W 57.09, I 0.00, O 0.00)
PHY-1001 : top10 = 47.94(S 55.03, N 58.38, E 55.11, W 52.28, I 0.00, O 0.00)
PHY-1001 : top15 = 45.73(S 51.60, N 54.68, E 51.50, W 49.13, I 0.00, O 0.00)
RUN-1001 : QoR Analysis:
OPT-0007 :   SWNS -6643 STNS -591447 NUM_FEPS 664
RUN-1001 :   No local congestion issue, and most congested 1% tile average routing util is 56.586207
RUN-1001 :   Top critical paths
RUN-1001 :       #1 path slack -6643ps with logic level 2 
RUN-1001 :       #2 path slack -6643ps with logic level 2 
RUN-1001 :       #3 path slack -6643ps with logic level 2 
RUN-1001 :       #4 path slack -6643ps with logic level 2 
RUN-1001 :       #5 path slack -6643ps with logic level 2 
RUN-1001 :       #6 path slack -6643ps with logic level 2 
RUN-1001 :   1 HFN exist on timing critical paths out of 14951 nets
RUN-1001 :   0 long nets exist on timing critical paths out of 14951 nets
OPT-1001 : End physical optimization;  10.866638s wall, 10.875000s user + 0.046875s system = 10.921875s CPU (100.5%)

PHY-1001 : End Stage 3.2 | Optimize Design; Time: 10.866713s wall, 10.875000s user + 0.046875s system = 10.921875s CPU (100.5%); Memory(MB): used = 584, reserved = 574, peak = 584;

PHY-1001 : End Stage 3 | Detailed Placement; Time: 11.885651s wall, 11.843750s user + 0.062500s system = 11.906250s CPU (100.2%); Memory(MB): used = 584, reserved = 574, peak = 584;

PHY-1001 : Stage 4 | Optimize Design
PHY-3001 : Start incremental legalization ...
PHY-1001 : Populate physical database on model last_attempt.
PHY-7002 CRITICAL-WARNING: Instance U3/sdram location (164, 288) is not honored. Cell's initial location is not legal at the beginning of ECO placement, and will be moved during placement. Please verify user location constraints through the adc file.
PHY-3001 : Target density is 65%
PHY-3001 : Target density is 71%
PHY-3001 : Initial: Len = 695746, Over = 0
PHY-1001 : Stage 4.1 | Spreading
PHY-3001 : End spreading;  0.022156s wall, 0.015625s user + 0.000000s system = 0.015625s CPU (70.5%)

PHY-1001 : End Stage 4.1 | Spreading; Time: 0.022240s wall, 0.015625s user + 0.000000s system = 0.015625s CPU (70.3%); Memory(MB): used = 584, reserved = 574, peak = 584;

PHY-3001 : Final: Len = 695746, Over = 0
PHY-3001 : End incremental legalization;  0.141829s wall, 0.140625s user + 0.000000s system = 0.140625s CPU (99.2%)

RUN-1002 : start command "report_qor -step place -file place.qor"
RUN-1001 : Generating global routing grids ...
-----------------------------------------------------------
| QoR metrics               |         value               |
-----------------------------------------------------------
| Timing                    |                             |
|     Setup WNS             |        -6643                |
|     Setup TNS             |      -591447                |
|     Num of violated S-EP  |          664                |
|     FMAX                  |    68.292MHz                |
|     SWNS path clock period |       8000ps                |
|     Hold WNS              |         -111                |
|     Hold TNS              |        -2011                |
|     Num of violated H-EP  |           51                |
-----------------------------------------------------------
| Routing Resource          |                             |
|     Wire length           |       692943                |
-----------------------------------------------------------
| Utilization               |                             |
|     #slices               |         6401                |
|     slices percentage     |       65.32%                |
|     #RAMs                 |           37                |
|     #DSPs                 |            2                |
|     #DRAMHARDCON          |            0                |
-----------------------------------------------------------
| Congestion                |                             |
|     Top 1% tile util      |           54                |
|     Top 1% tile avg util  |       56.59%                |
|     Over 100% util #tile  |            0                |
-----------------------------------------------------------
Report place stage QoR done.

RUN-1003 : finish command "report_qor -step place -file place.qor" in  1.283547s wall, 1.343750s user + 0.000000s system = 1.343750s CPU (104.7%)

RUN-1004 : used memory is 584 MB, reserved memory is 574 MB, peak memory is 584 MB
PHY-1001 : End Stage 4 | Optimize Design; Time: 1.429639s wall, 1.484375s user + 0.000000s system = 1.484375s CPU (103.8%); Memory(MB): used = 584, reserved = 574, peak = 584;

PHY-1001 : Stage 5 | DRC Check
PHY-1001 : Stage 5.1 | Force Route Constraint Check
PHY-1001 : Check Pass.
PHY-1001 : End Stage 5.1 | Force Route Constraint Check; Time: 0.000707s wall, 0.000000s user + 0.000000s system = 0.000000s CPU (n/a%); Memory(MB): used = 584, reserved = 574, peak = 584;

PHY-1001 : Stage 5.2 | Duplicated SelfDriven Check
PHY-1001 : Check pass.
PHY-1001 : End Stage 5.2 | Duplicated SelfDriven Check; Time: 0.014752s wall, 0.015625s user + 0.000000s system = 0.015625s CPU (105.9%); Memory(MB): used = 584, reserved = 574, peak = 584;

PHY-1001 : Stage 5.3 | Clock Rule Check
PHY-1001 : End Stage 5.3 | Clock Rule Check; Time: 0.000456s wall, 0.000000s user + 0.000000s system = 0.000000s CPU (n/a%); Memory(MB): used = 584, reserved = 574, peak = 584;

PHY-1001 : End Stage 5 | DRC Check; Time: 0.029168s wall, 0.031250s user + 0.000000s system = 0.031250s CPU (107.1%); Memory(MB): used = 584, reserved = 574, peak = 584;

OPT-1001 : QoR tracer report on placement steps:
    SWNS [   incr ]      STNS [     incr ]    FEPS [   incr ]    CRIT [   incr ]      CELL [     incr ]        WL [     incr ]    CONG [   incr ]    PDES [   incr ]   RT(s) [   incr ]   MEM(mb) [     incr ]
       0 [      0 ]         0 [        0 ]       0 [      0 ]       0 [      0 ]     16940 [        0 ]         0 [        0 ]    0.00 [   0.00 ]       0 [      0 ]       0 [      0 ]       414 [        0 ] : preplace:simplify_lut
       0 [      0 ]         0 [        0 ]       0 [      0 ]       0 [      0 ]     16940 [        0 ]         0 [        0 ]    0.00 [   0.00 ]       0 [      0 ]       0 [      0 ]       414 [        0 ] : preplace:sweep
       0 [      0 ]         0 [        0 ]       0 [      0 ]       0 [      0 ]     16940 [        0 ]         0 [        0 ]    0.00 [   0.00 ]       0 [      0 ]       0 [      0 ]       414 [        0 ] : preplace:hfn_opt
   -7493 [  -7493 ]  -8347295 [ -8347295 ]    3254 [   3254 ]     658 [    658 ]     16945 [        5 ]    311805 [   311805 ]    0.00 [   0.00 ]       0 [      0 ]       3 [      3 ]       496 [       82 ] : step1_gp
   -7493 [      0 ]  -8347479 [     -184 ]    3257 [      3 ]     594 [    -64 ]     16945 [        0 ]    341732 [    29927 ]    0.00 [   0.00 ]       0 [      0 ]       4 [      1 ]       497 [        1 ] : step1_legal
   -7493 [      0 ]  -9187788 [  -840309 ]    3152 [   -105 ]    1076 [    482 ]     16945 [        0 ]    439088 [    97356 ]   79.66 [  79.66 ]       0 [      0 ]       7 [      3 ]       540 [       43 ] : step2_gp
   -7443 [     50 ]  -6166456 [  3021332 ]    3173 [     21 ]    1602 [    526 ]     17276 [      331 ]    439656 [      568 ]   66.69 [ -12.97 ]       0 [      0 ]      12 [      5 ]       557 [       17 ] : prepack:hfn_opt
   -7443 [      0 ]  -3194056 [  2972400 ]    3173 [      0 ]    1602 [      0 ]     17276 [        0 ]    440108 [      452 ]   52.62 [ -14.07 ]       0 [      0 ]      14 [      2 ]       557 [        0 ] : prepack:global_opt
   -7393 [     50 ]  -1795300 [  1398756 ]    2000 [  -1173 ]    1375 [   -227 ]      6502 [   -10774 ]    443235 [     3127 ]   52.62 [   0.00 ]       0 [      0 ]      17 [      3 ]       558 [        1 ] : pack
   -7343 [     50 ]  -1623990 [   171310 ]    1914 [    -86 ]    1289 [    -86 ]      6502 [        0 ]    521514 [    78279 ]   52.83 [   0.21 ]       0 [      0 ]      22 [      5 ]       575 [       17 ] : post_pack_place
   -7343 [      0 ]  -1624395 [     -405 ]    1915 [      1 ]    1289 [      0 ]      6502 [        0 ]    525588 [     4074 ]   52.83 [   0.00 ]       0 [      0 ]      23 [      1 ]       575 [        0 ] : post_pack_spreading
   -7343 [      0 ]  -1631941 [    -7546 ]    1915 [      0 ]    1458 [    169 ]      6493 [       -9 ]    514700 [   -10888 ]   52.83 [   0.00 ]       0 [      0 ]      24 [      1 ]       575 [        0 ] : postpack:optimize_equivalent_quick
   -7343 [      0 ]   -688439 [   943502 ]     719 [  -1196 ]    1317 [   -141 ]      6601 [      108 ]    533946 [    19246 ]   52.83 [   0.00 ]       0 [      0 ]      26 [      2 ]       575 [        0 ] : postpack:hfn_opt
   -6643 [    700 ]   -588586 [    99853 ]     556 [   -163 ]     904 [   -413 ]      6601 [        0 ]    705961 [   172015 ]   51.24 [  -1.59 ]       0 [      0 ]      31 [      5 ]       583 [        8 ] : postpack:path_opt
   -6643 [      0 ]   -591447 [    -2861 ]     664 [    108 ]     925 [     21 ]      6583 [      -18 ]    692943 [   -13018 ]   51.24 [   0.00 ]       0 [      0 ]      33 [      2 ]       583 [        0 ] : postpack:optimize_equivalent
   -6643 [      0 ]   -591447 [        0 ]     664 [      0 ]     925 [      0 ]      6583 [        0 ]    692943 [        0 ]   51.24 [   0.00 ]       0 [      0 ]      33 [      0 ]       584 [        1 ] : postpack:pin_opt

RUN-1003 : finish command "place" in  35.563967s wall, 45.015625s user + 2.656250s system = 47.671875s CPU (134.0%)

RUN-1004 : used memory is 584 MB, reserved memory is 574 MB, peak memory is 584 MB
RUN-1002 : start command "update_timing -mode manhattan"
RUN-1002 : start command "start_timer"
RUN-1003 : finish command "update_timing -mode manhattan" in  1.479930s wall, 1.484375s user + 0.000000s system = 1.484375s CPU (100.3%)

RUN-1004 : used memory is 584 MB, reserved memory is 574 MB, peak memory is 584 MB
RUN-1002 : start command "report_timing_summary -file last_attempt_place.timing"
RUN-1002 : start command "report_area -io_info -file last_attempt_phy.area"
RUN-1001 : standard
***Report Model: last_attempt Device: EG4S20BG256***

IO Statistics
#IO                        64   out of    188   34.04%
  #input                   26
  #output                  37
  #inout                    1

Utilization Statistics
#lut                    10458   out of  19600   53.36%
#reg                     8271   out of  19600   42.20%
#le                     11983
  #lut only              3712   out of  11983   30.98%
  #reg only              1525   out of  11983   12.73%
  #lut&reg               6746   out of  11983   56.30%
#bram                      37   out of     64   57.81%
  #bram9k                  37
  #fifo9k                   0
#bram32k                    0   out of     16    0.00%
#dsp                        2   out of     29    6.90%
#pad                       68   out of    188   36.17%
  #ireg                    21
  #oreg                    35
  #treg                     0
#pll                        3   out of      4   75.00%
#gclk                       9   out of     16   56.25%

RUN-1002 : start command "flow_status -file place_flow.status"
Location         : D:\FPGA\workplace6_2_1\last_attempt\prj\last_attempt_Runs\phy_1
Running with     : Tang Dynasty v6.2.168116
                   Copyright (c) 2012-2025 Anlogic Inc.
Top Model        : last_attempt
Device           : EG4S20BG256
Speed            : NA

Timing Mode      : manhattan
Setup            : WNS -6643ps  TNS  -591447ps  NUM_FEPS   664
Hold             : WNS  -111ps  TNS    -2011ps  NUM_FEPS    51

Flow Statistics  :
RUN-1001 : Flow Statistics:
RUN-1001 : --------------------------------------------------------------------------------------------------
RUN-1001 :      command     |  #calls  |  wall time  |  cpu time(s)  |  used memory(mb)  |  peak memory(mb)  
RUN-1001 : --------------------------------------------------------------------------------------------------
RUN-1001 :       place      |    1     |  35s(100%)  |   47(100%)    |        584        |        584        
RUN-1001 :     import_db    |    3     |   0s(0%)    |     0(0%)     |        413        |        413        
RUN-1001 :   import_device  |    1     |   0s(0%)    |     0(0%)     |        84         |        84         
RUN-1001 :       pack       |    1     |   0s(0%)    |     0(0%)     |        414        |        414        
RUN-1001 : --------------------------------------------------------------------------------------------------
RUN-1001 :       total      |    6     |     35s     |      47       |        584        |        584        
RUN-1001 : --------------------------------------------------------------------------------------------------
RUN-1002 : start command "report_clock_utilization -file place_clock_utilization.txt"
RUN-1001 : Device not support command report_clock_utilization.
RUN-1002 : start command "export_db last_attempt_place.db"
RUN-1001 : Exported flow parameters
RUN-1001 : Exported /
RUN-1001 : Exported libs
RUN-1001 : Exported entities
RUN-1001 : Exported ports
RUN-1001 : Exported pins
RUN-1001 : Exported instances
RUN-1001 : Exported nets
RUN-1001 : Exported buses
RUN-1001 : Exported models
RUN-1001 : Exported phy database
RUN-1001 : Exported packer
RUN-1001 : Exported congestions
RUN-1001 : Exported violations
RUN-1001 : Exported ATMR Setting
RUN-1001 : Exported timing constraints
RUN-1001 : Exported IO constraints
RUN-1001 : Exported Inst constraints
RUN-1001 : Exported ChipWatcher
RUN-1002 : start command "commit_param -step route"
RUN-1001 : Print Global Property
RUN-1001 : --------------------------------------------------------
RUN-1001 :   Parameters   |  Settings  |  Default Values  |  Note  
RUN-1001 : --------------------------------------------------------
RUN-1001 :   enable_seed  |    off     |       off        |        
RUN-1001 :     message    |  standard  |     standard     |        
RUN-1001 :   qor_monitor  |     on     |        on        |        
RUN-1001 :   syn_ip_flow  |    off     |       off        |        
RUN-1001 :     thread     |    auto    |       auto       |        
RUN-1001 : --------------------------------------------------------
RUN-1001 : Print Route Property
RUN-1001 : -------------------------------------------------------
RUN-1001 :   Parameters  |  Settings  |  Default Values  |  Note  
RUN-1001 : -------------------------------------------------------
RUN-1001 :     effort    |   normal   |      normal      |        
RUN-1001 :    fix_hold   |     on     |        on        |        
RUN-1001 :     timing    |     on     |        on        |        
RUN-1001 : -------------------------------------------------------
RUN-1002 : start command "route"
RUN-1001 : Open license file D:/FPGA/TD6_2_1/license/Anlogic.lic
PHY-1001 : Route runs in 20 thread(s)
RUN-1001 : There are total 6583 instances
RUN-1001 : 3210 mslices, 3191 lslices, 123 pads, 37 brams, 2 dsps
RUN-1001 : There are total 14951 nets
RUN-1001 : 8688 nets have 2 pins
RUN-1001 : 4680 nets have [3 - 5] pins
RUN-1001 : 858 nets have [6 - 10] pins
RUN-1001 : 325 nets have [11 - 20] pins
RUN-1001 : 388 nets have [21 - 99] pins
RUN-1001 : 12 nets have 100+ pins
RUN-1002 : start command "start_timer"
PHY-1001 : 3210 mslices, 3191 lslices, 123 pads, 37 brams, 2 dsps

PHY-1001 : Stage 1 | Global Routing
PHY-1001 : Start global routing, caller is route ...
RUN-1001 : Generating global routing grids ...
PHY-1001 : Generate routing nets ...
RUN-1001 : Generate nets statistics:
RUN-1001 : ----------------------------
RUN-1001 :        Type       |  Nets   
RUN-1001 : ----------------------------
RUN-1001 :   TotalRouteNets  |  14031  
RUN-1001 :   DontRouteNets   |   910   
RUN-1001 :     RouteNets     |  13121  
RUN-1001 :     RouteSinks    |  31086  
RUN-1001 : ----------------------------
PHY-1001 : Global iterations in 20 thread ...
PHY-1002 : len = 835848, over cnt = 2116(6%), over = 3776, worst = 9
PHY-1002 : len = 863080, over cnt = 1356(3%), over = 2006, worst = 9
PHY-1002 : len = 883360, over cnt = 510(1%), over = 765, worst = 8
PHY-1002 : len = 895552, over cnt = 6(0%), over = 6, worst = 1
PHY-1002 : len = 895824, over cnt = 0(0%), over = 0, worst = 0
PHY-1001 : End global iterations;  1.278115s wall, 1.375000s user + 0.000000s system = 1.375000s CPU (107.6%)

PHY-1001 : Congestion index:
PHY-1001 : top1  = 55.77(S 67.59, N 75.00, E 67.80, W 66.01, I 0.00, O 0.00)
PHY-1001 : top5  = 50.86(S 59.27, N 64.03, E 59.38, W 56.72, I 0.00, O 0.00)
PHY-1001 : top10 = 47.56(S 54.46, N 58.40, E 54.50, W 52.25, I 0.00, O 0.00)
PHY-1001 : top15 = 45.29(S 51.03, N 54.56, E 50.98, W 49.12, I 0.00, O 0.00)
PHY-1001 : End global routing;  1.485595s wall, 1.562500s user + 0.000000s system = 1.562500s CPU (105.2%)

PHY-1001 : End Stage 1 | Global Routing; Time: 1.485634s wall, 1.562500s user + 0.000000s system = 1.562500s CPU (105.2%); Memory(MB): used = 605, reserved = 711, peak = 605;

PHY-1001 : Stage 2 | Detail Routing
PHY-1001 : Stage 2.1 | Build Routing Design
PHY-1001 : Routing in high effort: false
PHY-1001 : Routing Mode: normal
PHY-1001 : Generate detailed routing grids ...
PHY-1001 : End build routing graph; 1.705487s wall, 1.671875s user + 0.000000s system = 1.671875s CPU (98.0%)

PHY-1001 : Generate nets ...
PHY-1001 : net clk_50_dup_1 will be routed on clock mesh
PHY-1001 : clock net temac_clk will be merged with clock u_clk_gen/u_pll_0/clk0_buf
PHY-1001 : net udp_clk will be routed on clock mesh
PHY-1001 : net U3/u2_ram/SDRAM_CLK will be routed on clock mesh
PHY-1001 : net U3/u2_ram/u1_init_ref/Sdr_clk will be routed on clock mesh
PHY-1001 : clock net cwc_jtck_syn_2 will be merged with clock cwc_jtck
PHY-1001 : clock net u_ov5640_dri/u_i2c_dr/dri_clk_syn_4 will be merged with clock u_ov5640_dri/u_i2c_dr/dri_clk
PHY-1001 : clock net u2_udp_loopback/app_tx_data_read_syn_4 will be merged with clock u2_udp_loopback/app_tx_data_read
PHY-1001 : clock net frame_read_write_m0/write_clk_syn_4 will be merged with clock frame_read_write_m0/write_clk
PHY-1001 : clock net cam_pclk_syn_4 will be merged with clock cam_pclk_dup_1
PHY-1001 : clock net sd_card_bmp_m0/bmp_read_m0/clk will be merged with clock tf0_sys_pll/clk0_buf
PHY-1001 : net u2_hdmi_tx/Inst_DVITransmitter/PCLK_I will be routed on clock mesh
PHY-1001 : clock net u2_hdmi_tx/Inst_DVITransmitter/PCLK_X5_I will be merged with clock u0_clk_wize/clk0_buf
PHY-1001 : clock net u4_trimac_block/rx_clk will be merged with clock phy1_rgmii_rx_clk_dup_1
PHY-1001 : net u4_trimac_block/u1_rgmii_interface/rgmii_txc_ddr/clk will be routed on clock mesh
RUN-1001 : Generate nets statistics:
RUN-1001 : ------------------------------
RUN-1001 :         Type        |  Nets   
RUN-1001 : ------------------------------
RUN-1001 :        Route        |  14031  
RUN-1001 :      DontRoute      |   920   
RUN-1001 :      RouteSinks     |  50699  
RUN-1001 :   RouteEntitySinks  |    0    
RUN-1001 :       Lut2Dff       |    0    
RUN-1001 :       Ram2Dff       |    0    
RUN-1001 :      Carry2Dff      |    0    
RUN-1001 : ------------------------------
RUN-1001 : DR clock net summary:
RUN-1001 : -----------------------------------------------------------------------------------
RUN-1001 :   Net Idx  |                        Net Name                        |  Clock Type  
RUN-1001 : -----------------------------------------------------------------------------------
RUN-1001 :      1     |                  U3/u2_ram/SDRAM_CLK                   |    Normal    
RUN-1001 :      2     |             U3/u2_ram/u1_init_ref/Sdr_clk              |    Normal    
RUN-1001 :      3     |                     cam_pclk_syn_4                     |    Normal    
RUN-1001 :      4     |                      clk_50_dup_1                      |    Normal    
RUN-1001 :      5     |                     cwc_jtck_syn_2                     |    Normal    
RUN-1001 :      6     |          frame_read_write_m0/write_clk_syn_4           |    Normal    
RUN-1001 :      7     |             sd_card_bmp_m0/bmp_read_m0/clk             |    Normal    
RUN-1001 :      8     |                       temac_clk                        |    Normal    
RUN-1001 :      9     |         u2_hdmi_tx/Inst_DVITransmitter/PCLK_I          |    Normal    
RUN-1001 :     10     |        u2_hdmi_tx/Inst_DVITransmitter/PCLK_X5_I        |    Normal    
RUN-1001 :     11     |         u2_udp_loopback/app_tx_data_read_syn_4         |    Normal    
RUN-1001 :     12     |                 u4_trimac_block/rx_clk                 |    Normal    
RUN-1001 :     13     |  u4_trimac_block/u1_rgmii_interface/rgmii_txc_ddr/clk  |    Normal    
RUN-1001 :     14     |          u_ov5640_dri/u_i2c_dr/dri_clk_syn_4           |    Normal    
RUN-1001 :     15     |                        udp_clk                         |    Normal    
RUN-1001 : -----------------------------------------------------------------------------------
RUN-1001 : DR clock buffer summary:
RUN-1001 : ----------------
RUN-1001 :   Idx  |  Name  
RUN-1001 : ----------------
RUN-1001 : ----------------
PHY-1001 : End Stage 2.1 | Build Routing Design; Time: 1.969896s wall, 1.937500s user + 0.000000s system = 1.937500s CPU (98.4%); Memory(MB): used = 872, reserved = 868, peak = 872;

RUN-1001 : Top Percentage Crit. Net Stat.
RUN-1001 : -------------------------------------------------------
RUN-1001 :   Top %  |  Net Count  |  Avg. Fanout  |  Avg. Slack   
RUN-1001 : -------------------------------------------------------
RUN-1001 :     1    |     149     |   24.174497   |  -119.671141  
RUN-1001 :     2    |     299     |   13.491639   |  154.207358   
RUN-1001 :     3    |     448     |   9.794643    |  283.747768   
RUN-1001 :     4    |     598     |   8.481605    |  387.247492   
RUN-1001 :     5    |     747     |   7.506024    |  478.306560   
RUN-1001 :     6    |     897     |   7.084727    |  564.715719   
RUN-1001 :     7    |    1046     |   6.722753    |  642.693117   
RUN-1001 :     8    |    1196     |   6.298495    |  716.683110   
RUN-1001 :     9    |    1345     |   5.939033    |  784.789591   
RUN-1001 :    10    |    1495     |   5.587960    |  849.357860   
RUN-1001 : -------------------------------------------------------
PHY-1001 : Stage 2.2 | Clock Nets Routing
PHY-1001 : Routed 0% nets.
PHY-1001 : len = 235312, over cnt = 1(0%), over = 1, worst = 1, crit = 0
PHY-1001 : Ripup-reroute.....
PHY-1001 : Iter 1: len = 235384, over cnt = 0(0%), over = 0, worst = 0, crit = 0, time(s) = 0.00
PHY-1001 : End Stage 2.2 | Clock Nets Routing; Time: 6.235743s wall, 6.140625s user + 0.015625s system = 6.156250s CPU (98.7%); Memory(MB): used = 904, reserved = 900, peak = 904;

PHY-1001 : Stage 2.3 | Routing Initialization
PHY-1001 : Mark 1% net(place mode slack < 391ps) as critical nets.
PHY-1001 : Stage 2.3.1 | Normal Nets Routing
PHY-1001 : Routed 93% nets.
PHY-1001 : len = 1.59425e+06, over cnt = 2351(0%), over = 2365, worst = 2, crit = 0
PHY-1001 : End Stage 2.3.1 | Normal Nets Routing; Time: 19.071016s wall, 31.968750s user + 0.390625s system = 32.359375s CPU (169.7%); Memory(MB): used = 915, reserved = 911, peak = 915;

PHY-1001 : Stage 2.3.2 | Update Timing
RUN-1002 : start command "start_timer"
USR-1002 : Derived clock:  create_generated_clock -name {tf0_sys_pll/pll_inst.clkc[0]} -source [get_ports {clk_50}] -master_clock {clk_in} -multiply_by 2.0000 -duty_cycle 50.0000 [get_pins {tf0_sys_pll/pll_inst.clkc[0]}]
USR-1002 : Derived clock:  create_generated_clock -name {tf0_sys_pll/pll_inst.clkc[1]} -source [get_ports {clk_50}] -master_clock {clk_in} -multiply_by 2.5000 -duty_cycle 50.0000 [get_pins {tf0_sys_pll/pll_inst.clkc[1]}]
USR-1002 : Derived clock:  create_generated_clock -name {tf0_sys_pll/pll_inst.clkc[2]} -source [get_ports {clk_50}] -master_clock {clk_in} -multiply_by 2.5000 -phase 180 -duty_cycle 50.0000 [get_pins {tf0_sys_pll/pll_inst.clkc[2]}]
USR-1002 : Derived clock:  create_generated_clock -name {u0_clk_wize/pll_inst.clkc[0]} -source [get_ports {clk_50}] -master_clock {clk_in} -multiply_by 2.5000 -duty_cycle 50.0000 [get_pins {u0_clk_wize/pll_inst.clkc[0]}]
USR-1002 : Derived clock:  create_generated_clock -name {u0_clk_wize/pll_inst.clkc[1]} -source [get_ports {clk_50}] -master_clock {clk_in} -divide_by 2.0000 -duty_cycle 50.0000 [get_pins {u0_clk_wize/pll_inst.clkc[1]}]
USR-1002 : Derived clock:  create_generated_clock -name {u_clk_gen/u_pll_0/pll_inst.clkc[0]} -source [get_ports {clk_50}] -master_clock {clk_in} -multiply_by 2.5000 -duty_cycle 50.0000 [get_pins {u_clk_gen/u_pll_0/pll_inst.clkc[0]}]
USR-1002 : Derived clock:  create_generated_clock -name {u_clk_gen/u_pll_0/pll_inst.clkc[1]} -source [get_ports {clk_50}] -master_clock {clk_in} -multiply_by 2.5000 -duty_cycle 50.0000 [get_pins {u_clk_gen/u_pll_0/pll_inst.clkc[1]}]
USR-1002 : Derived clock:  create_generated_clock -name {u_clk_gen/u_pll_0/pll_inst.clkc[4]} -source [get_ports {clk_50}] -master_clock {clk_in} -multiply_by 2.5000 -phase 90 -duty_cycle 50.0000 [get_pins {u_clk_gen/u_pll_0/pll_inst.clkc[4]}]
USR-8130 CRITICAL-WARNING: No clock match the pattern: u_clk_gen/u_pll_0/pll_inst.clkc\[3\].
USR-8124 CRITICAL-WARNING: Rename_clock: please specify object list.
USR-8159 CRITICAL-WARNING: Command rename_clock -name {pll_inst_25M} [get_clocks {u_clk_gen/u_pll_0/pll_inst.clkc[3]}] in D:/FPGA/workplace6_2_1/last_attempt/source_code/constraints/UDP.sdc(8) fails.
TMR-2502 : Net delay update with mode: Routed
PHY-1001 : 3780/14031(26%) critical/total net(s).
PHY-1001 : Setup: WNS(ns) = -6.565, TNS(ns) = -1652.186, FEP = 2102 | Hold: WNS(ns) = -2.967, TNS(ns) = -62.890, FEP = 43.
PHY-1001 : End Stage 2.3.2 | Update Timing; Time: 2.118991s wall, 1.968750s user + 0.062500s system = 2.031250s CPU (95.9%); Memory(MB): used = 922, reserved = 918, peak = 922;

PHY-1001 : End Stage 2.3 | Routing Initialization; Time: 21.234473s wall, 33.984375s user + 0.453125s system = 34.437500s CPU (162.2%); Memory(MB): used = 923, reserved = 919, peak = 923;

PHY-1001 : Stage 2.4 | Routing Optimization
PHY-1001 : Build lut bridge;  0.059081s wall, 0.062500s user + 0.000000s system = 0.062500s CPU (105.8%)

PHY-1001 : Stage 2.4.1 | Phase 1
PHY-1001 : Stage 2.4.1.1 | Setup TimeOptimization
PHY-1001 : Start to optimize setup violation with net base ...
PHY-1001 : Iter 1; Processed 247 pins with SWNS -6.565ns STNS -1602.645ns FEP 2081 took 10.6083 seconds.
PHY-1001 : len = 1.59842e+06, over cnt = 2515(0%), over = 2536, worst = 2, crit = 0
PHY-1001 : End Stage 2.4.1.1 | Setup TimeOptimization; Time: 10.783703s wall, 10.515625s user + 0.109375s system = 10.625000s CPU (98.5%); Memory(MB): used = 923, reserved = 919, peak = 923;

PHY-1001 : Stage 2.4.1.2 | Rip-up And ReRoute
PHY-1001 : Iter 1: len = 1.6158e+06, over cnt = 988(0%), over = 1001, worst = 3, crit = 0, time(s) = 3.75
PHY-1001 : Iter 2: len = 1.61814e+06, over cnt = 539(0%), over = 543, worst = 2, crit = 0, time(s) = 2.07
PHY-1001 : Iter 3: len = 1.61795e+06, over cnt = 409(0%), over = 411, worst = 2, crit = 0, time(s) = 0.62
PHY-1001 : Iter 4: len = 1.62128e+06, over cnt = 145(0%), over = 145, worst = 1, crit = 0, time(s) = 0.49
PHY-1001 : Iter 5: len = 1.62118e+06, over cnt = 121(0%), over = 121, worst = 1, crit = 0, time(s) = 0.33
PHY-1001 : Iter 6: len = 1.62125e+06, over cnt = 110(0%), over = 110, worst = 1, crit = 0, time(s) = 0.25
PHY-1001 : Iter 7: len = 1.62127e+06, over cnt = 108(0%), over = 108, worst = 1, crit = 0, time(s) = 0.22
PHY-1001 : Switch mode......
PHY-1001 : Iter 8: len = 1.62349e+06, over cnt = 33(0%), over = 33, worst = 1, crit = 0, time(s) = 0.08
PHY-1001 : Iter 9: len = 1.62355e+06, over cnt = 27(0%), over = 27, worst = 1, crit = 0, time(s) = 0.04
PHY-1001 : Iter 10: len = 1.62374e+06, over cnt = 22(0%), over = 22, worst = 1, crit = 0, time(s) = 0.05
PHY-1001 : Iter 11: len = 1.62372e+06, over cnt = 22(0%), over = 22, worst = 1, crit = 0, time(s) = 0.03
PHY-1001 : Iter 12: len = 1.6243e+06, over cnt = 6(0%), over = 6, worst = 1, crit = 0, time(s) = 0.04
PHY-1001 : Iter 13: len = 1.62441e+06, over cnt = 3(0%), over = 3, worst = 1, crit = 0, time(s) = 0.04
PHY-1001 : Iter 14: len = 1.62446e+06, over cnt = 2(0%), over = 2, worst = 1, crit = 0, time(s) = 0.02
PHY-1001 : Iter 15: len = 1.62446e+06, over cnt = 3(0%), over = 3, worst = 1, crit = 0, time(s) = 0.02
PHY-1001 : Iter 16: len = 1.62448e+06, over cnt = 3(0%), over = 3, worst = 1, crit = 0, time(s) = 0.09
PHY-1001 : Iter 17: len = 1.62458e+06, over cnt = 2(0%), over = 2, worst = 1, crit = 0, time(s) = 0.05
PHY-1001 : Iter 18: len = 1.62458e+06, over cnt = 2(0%), over = 2, worst = 1, crit = 0, time(s) = 0.05
PHY-1001 : Iter 19: len = 1.62466e+06, over cnt = 0(0%), over = 0, worst = 0, crit = 0, time(s) = 0.02
PHY-1001 : End Stage 2.4.1.2 | Rip-up And ReRoute; Time: 8.315007s wall, 11.703125s user + 0.171875s system = 11.875000s CPU (142.8%); Memory(MB): used = 924, reserved = 920, peak = 924;

PHY-1001 : Stage 2.4.1.3 | Update Timing
RUN-1002 : start command "start_timer"
PHY-1001 : 3830/14031(27%) critical/total net(s).
PHY-1001 : Setup: WNS(ns) = -6.565, TNS(ns) = -1686.230, FEP = 2163 | Hold: WNS(ns) = -2.967, TNS(ns) = -62.796, FEP = 41.
PHY-1001 : End Stage 2.4.1.3 | Update Timing; Time: 2.279258s wall, 2.125000s user + 0.046875s system = 2.171875s CPU (95.3%); Memory(MB): used = 927, reserved = 923, peak = 927;

PHY-1001 : Stage 2.4.1.4 | Commit Data
PHY-1001 : Commit better result to database ...
PHY-1001 : 861 feed throughs used by 606 nets
PHY-1001 : End Stage 2.4.1.4 | Commit Data; Time: 0.862988s wall, 0.765625s user + 0.031250s system = 0.796875s CPU (92.3%); Memory(MB): used = 982, reserved = 978, peak = 982;

PHY-1001 : End Stage 2.4.1 | Phase 1; Time: 22.455767s wall, 25.328125s user + 0.359375s system = 25.687500s CPU (114.4%); Memory(MB): used = 982, reserved = 978, peak = 982;

PHY-1001 : Stage 2.4.2 | Phase 2
PHY-1001 : Stage 2.4.2.1 | Setup TimeOptimization
PHY-1001 : Start to optimize setup violation with net base ...
PHY-1001 : Iter 1; Processed 143 pins with SWNS -6.565ns STNS -1678.613ns FEP 2160 took 6.22768 seconds.
PHY-1001 : len = 1.62573e+06, over cnt = 85(0%), over = 85, worst = 1, crit = 0
PHY-1001 : End Stage 2.4.2.1 | Setup TimeOptimization; Time: 6.345208s wall, 6.218750s user + 0.031250s system = 6.250000s CPU (98.5%); Memory(MB): used = 983, reserved = 979, peak = 983;

PHY-1001 : Stage 2.4.2.2 | Rip-up And ReRoute
PHY-0007 : Congestion: {57.25, 53.53, 50.84, 48.99}; Timing: {-6.565ns, -1678.613ns, 2160}
PHY-1001 : Iter 1: len = 1.62546e+06, over cnt = 21(0%), over = 21, worst = 1, crit = 0, time(s) = 0.15
PHY-1001 : Iter 2: len = 1.62574e+06, over cnt = 5(0%), over = 5, worst = 1, crit = 0, time(s) = 0.12
PHY-1001 : Iter 3: len = 1.62574e+06, over cnt = 3(0%), over = 3, worst = 1, crit = 0, time(s) = 0.03
PHY-1001 : Iter 4: len = 1.62577e+06, over cnt = 2(0%), over = 2, worst = 1, crit = 0, time(s) = 0.02
PHY-1001 : Iter 5: len = 1.62572e+06, over cnt = 1(0%), over = 1, worst = 1, crit = 0, time(s) = 0.02
PHY-1001 : Iter 6: len = 1.62572e+06, over cnt = 1(0%), over = 1, worst = 1, crit = 0, time(s) = 0.02
PHY-1001 : Iter 7: len = 1.62574e+06, over cnt = 0(0%), over = 0, worst = 0, crit = 0, time(s) = 0.02
PHY-1001 : End Stage 2.4.2.2 | Rip-up And ReRoute; Time: 0.426482s wall, 0.968750s user + 0.015625s system = 0.984375s CPU (230.8%); Memory(MB): used = 983, reserved = 979, peak = 983;

PHY-1001 : Stage 2.4.2.3 | Update Timing
RUN-1002 : start command "start_timer"
PHY-1001 : 3819/14031(27%) critical/total net(s).
PHY-1001 : Setup: WNS(ns) = -6.565, TNS(ns) = -1688.164, FEP = 2165 | Hold: WNS(ns) = -2.967, TNS(ns) = -62.796, FEP = 41.
PHY-1001 : End Stage 2.4.2.3 | Update Timing; Time: 1.997863s wall, 1.953125s user + 0.015625s system = 1.968750s CPU (98.5%); Memory(MB): used = 986, reserved = 981, peak = 986;

PHY-1001 : Stage 2.4.2.4 | Commit Data
PHY-1001 : Don't need to commit to database ...
PHY-1001 : End Stage 2.4.2.4 | Commit Data; Time: 0.017807s wall, 0.031250s user + 0.000000s system = 0.031250s CPU (175.5%); Memory(MB): used = 986, reserved = 981, peak = 986;

PHY-1001 : End Stage 2.4.2 | Phase 2; Time: 8.944772s wall, 9.328125s user + 0.062500s system = 9.390625s CPU (105.0%); Memory(MB): used = 986, reserved = 981, peak = 986;

PHY-1001 : End Stage 2.4 | Routing Optimization; Time: 32.802940s wall, 36.062500s user + 0.421875s system = 36.484375s CPU (111.2%); Memory(MB): used = 986, reserved = 981, peak = 986;

PHY-1003 : Routed, final wirelength = 1.62574e+06
RUN-1002 : start command "export_db last_attempt_pr.db"
RUN-1001 : Exported flow parameters
RUN-1001 : Exported /
RUN-1001 : Exported libs
RUN-1001 : Exported entities
RUN-1001 : Exported ports
RUN-1001 : Exported pins
RUN-1001 : Exported instances
RUN-1001 : Exported nets
RUN-1001 : Exported buses
RUN-1001 : Exported models
RUN-1001 : Exported phy database
RUN-1001 : Exported packer
RUN-1001 : Exported congestions
RUN-1001 : Exported violations
RUN-1001 : Exported ATMR Setting
RUN-1001 : Exported timing constraints
RUN-1001 : Exported IO constraints
RUN-1001 : Exported Inst constraints
RUN-1001 : Exported ChipWatcher
PHY-1001 : Current memory(MB): used = 1024, reserved = 1139, peak = 1024.
PHY-1001 : End export database. 0.375147s wall, 0.484375s user + 0.000000s system = 0.484375s CPU (129.1%)

PHY-1001 : End detail routing;  63.773727s wall, 79.750000s user + 0.890625s system = 80.640625s CPU (126.4%)

PHY-1001 : End Stage 2 | Detail Routing; Time: 63.773803s wall, 79.750000s user + 0.890625s system = 80.640625s CPU (126.4%); Memory(MB): used = 1024, reserved = 1139, peak = 1024;

PHY-1001 : Stage 3 | Hold Fix
RUN-1002 : start command "start_timer"
RUN-1001 : Too much hold violation, please check the src code.
PHY-1001 : End Stage 3 | Hold Fix; Time: 1.912723s wall, 1.843750s user + 0.046875s system = 1.890625s CPU (98.8%); Memory(MB): used = 1024, reserved = 1139, peak = 1024;

PHY-1001 : Stage 4 | Report Route Qor
RUN-1002 : start command "report_qor -step route -file route.qor"
RUN-1002 : start command "start_timer"
-----------------------------------------------------------
| QoR metrics               |         value               |
-----------------------------------------------------------
| Timing                    |                             |
|     Setup WNS             |        -6565                |
|     Setup TNS             |     -1686230                |
|     Num of violated S-EP  |         2163                |
|     Hold WNS              |        -2967                |
|     Hold TNS              |       -62796                |
|     Num of violated H-EP  |           41                |
-----------------------------------------------------------
| Routing Resource          |                             |
|     Wire length           |      1624656                |
-----------------------------------------------------------
| Utilization               |                             |
|     #slices               |         6401                |
|     slices percentage     |       65.32%                |
|     #RAMs                 |           37                |
|     #DSPs                 |            2                |
|     #DRAMHARDCON          |            0                |
-----------------------------------------------------------
Report route stage QoR done.

RUN-1003 : finish command "report_qor -step route -file route.qor" in  1.939631s wall, 1.921875s user + 0.015625s system = 1.937500s CPU (99.9%)

RUN-1004 : used memory is 1024 MB, reserved memory is 1139 MB, peak memory is 1024 MB
RUN-1002 : start command "update_timing -mode final"
RUN-1002 : start command "start_timer"
RUN-1003 : finish command "update_timing -mode final" in  1.857592s wall, 1.859375s user + 0.000000s system = 1.859375s CPU (100.1%)

RUN-1004 : used memory is 1024 MB, reserved memory is 1139 MB, peak memory is 1024 MB
RUN-1002 : start command "report_timing_summary -file final_timing.rpt"
OPT-1001 : QoR tracer report on route step:
    SWNS [   incr ]      STNS [     incr ]  S-FEPS [   incr ]    HWNS [   incr ]      HTNS [     incr ]    H-FEPS [     incr ]    CELL [   incr ]       WL [    incr ]   RT(s) [   incr ]   MEM(mb) [     incr ]
   -6565 [      0 ]  -1652186 [        0 ]    2102 [      0 ]   -2967 [      0 ]    -62890 [        0 ]        43 [        0 ]    6583 [      0 ]  1594248 [       0 ]      33 [      0 ]       923 [        0 ] : dr_initialization
   -6565 [      0 ]  -1602645 [    49541 ]    2081 [    -21 ]   -2967 [      0 ]    -62890 [        0 ]        43 [        0 ]    6583 [      0 ]  1598424 [    4176 ]      45 [     12 ]       923 [        0 ] : dr_timing_opt_phase1
   -6565 [      0 ]  -1686230 [   -83585 ]    2163 [     82 ]   -2967 [      0 ]    -62796 [       94 ]        41 [       -2 ]    6583 [      0 ]  1624656 [   26232 ]      57 [     12 ]       982 [       59 ] : dr_opt_phase1
   -6565 [      0 ]  -1678613 [     7617 ]    2160 [     -3 ]   -2967 [      0 ]    -62796 [        0 ]        41 [        0 ]    6583 [      0 ]  1625728 [    1072 ]      63 [      6 ]       983 [        1 ] : dr_timing_opt_phase2
   -6565 [      0 ]  -1688164 [    -9551 ]    2165 [      5 ]   -2967 [      0 ]    -62796 [        0 ]        41 [        0 ]    6583 [      0 ]  1625736 [       8 ]      66 [      3 ]       986 [        3 ] : dr_opt_phase2
   -6565 [      0 ]  -1688164 [        0 ]    2165 [      0 ]   -2967 [      0 ]    -62796 [        0 ]        41 [        0 ]    6583 [      0 ]  1625736 [       0 ]      66 [      0 ]       986 [        0 ] : multi_try_opt
   -6565 [      0 ]  -1686230 [     1934 ]    2163 [     -2 ]   -2967 [      0 ]    -62796 [        0 ]        41 [        0 ]    6583 [      0 ]  1624656 [   -1080 ]      68 [      2 ]      1024 [       38 ] : fix_hold_opt

PHY-1001 : End Stage 4 | Report Route Qor; Time: 3.865561s wall, 3.843750s user + 0.015625s system = 3.859375s CPU (99.8%); Memory(MB): used = 1024, reserved = 1139, peak = 1024;

PHY-1001 : Stage 5 | Routing DRC
PHY-1001 : Start multi-drive drc check......
PHY-1001 : No multi-drive.
PHY-1001 : Stage 5.1 | Clock Net Status Check
PHY-1001 : 1 clock net(s) utilize local routing resource.
PHY-5079 CRITICAL-WARNING: Marked 1 clock net(s) utilize the local routing resources. Please check log message and the sinks of clock nets.
RUN-1001 : CTS Local Wire Summary
RUN-1001 : ---------------------------------------------------------------------------------------------------------------------
RUN-1001 :             ClockName            |  DriverType  |  Clock/Fanout  |  LocalWireNum  |        NetName        |  Marked  
RUN-1001 : ---------------------------------------------------------------------------------------------------------------------
RUN-1001 :   tf0_sys_pll/pll_inst.clkc[2]   |  AL_PHY_PLL  |      0/1       |       1        |  U3/u2_ram/SDRAM_CLK  |   true   
RUN-1001 : ---------------------------------------------------------------------------------------------------------------------
PHY-1001 : End Stage 5.1 | Clock Net Status Check; Time: 0.002048s wall, 0.000000s user + 0.000000s system = 0.000000s CPU (n/a%); Memory(MB): used = 1024, reserved = 1139, peak = 1024;

PHY-1001 : Stage 5.2 | Abnormal Timing Path check
PHY-5089 WARNING: Skip 32 abnormal timing path for routing due to clock skew is greater than 1000ps or hold slack is less than -1000ps, use load pr.db and report_abnormal_timing_target -file to get detail message. If need to fix these hold violation, place turn on hold fix high.
PHY-1001 : End Stage 5.2 | Abnormal Timing Path check; Time: 0.125457s wall, 0.140625s user + 0.000000s system = 0.140625s CPU (112.1%); Memory(MB): used = 1024, reserved = 1139, peak = 1024;

PHY-1001 : End Stage 5 | Routing DRC; Time: 0.181330s wall, 0.187500s user + 0.000000s system = 0.187500s CPU (103.4%); Memory(MB): used = 1024, reserved = 1139, peak = 1024;

RUN-1003 : finish command "route" in  72.809355s wall, 88.765625s user + 0.953125s system = 89.718750s CPU (123.2%)

RUN-1004 : used memory is 1024 MB, reserved memory is 1139 MB, peak memory is 1024 MB
RUN-1002 : start command "report_area -io_info -file last_attempt_phy.area"
RUN-1001 : standard
***Report Model: last_attempt Device: EG4S20BG256***

IO Statistics
#IO                        64   out of    188   34.04%
  #input                   26
  #output                  37
  #inout                    1

Utilization Statistics
#lut                    10458   out of  19600   53.36%
#reg                     8271   out of  19600   42.20%
#le                     11983
  #lut only              3712   out of  11983   30.98%
  #reg only              1525   out of  11983   12.73%
  #lut&reg               6746   out of  11983   56.30%
#bram                      37   out of     64   57.81%
  #bram9k                  37
  #fifo9k                   0
#bram32k                    0   out of     16    0.00%
#dsp                        2   out of     29    6.90%
#pad                       68   out of    188   36.17%
  #ireg                    21
  #oreg                    35
  #treg                     0
#pll                        3   out of      4   75.00%
#gclk                       9   out of     16   56.25%


DataNet Average Fanout:

   Index     Fanout     Nets  
    #1          1       8566  
    #2          2       2732  
    #3          3       1507  
    #4          4       441   
    #5        5-10      922   
    #6        11-50     578   
    #7       51-100      61   
    #8       101-500     4    
    #9        >500       1    
  Average     3.11            

RUN-1002 : start command "update_timing -mode final"
RUN-1002 : start command "start_timer"
RUN-1003 : finish command "update_timing -mode final" in  1.862351s wall, 1.859375s user + 0.000000s system = 1.859375s CPU (99.8%)

RUN-1004 : used memory is 1024 MB, reserved memory is 1139 MB, peak memory is 1024 MB
RUN-1002 : start command "report_timing_status -file last_attempt_phy.ts"
RUN-1002 : start command "report_timing_summary -file last_attempt_pr.timing"
RUN-1002 : start command "report_timing_exception -file last_attempt_exception.timing"
RUN-1002 : start command "flow_status -file route_flow.status"
Location         : D:\FPGA\workplace6_2_1\last_attempt\prj\last_attempt_Runs\phy_1
Running with     : Tang Dynasty v6.2.168116
                   Copyright (c) 2012-2025 Anlogic Inc.
Top Model        : last_attempt
Device           : EG4S20BG256
Speed            : NA

Timing Mode      : final
Setup            : WNS -6565ps  TNS -1686230ps  NUM_FEPS  2163
Hold             : WNS -2967ps  TNS   -62796ps  NUM_FEPS    41

Flow Statistics  :
RUN-1001 : Flow Statistics:
RUN-1001 : ---------------------------------------------------------------------------------------------------
RUN-1001 :      command     |  #calls  |  wall time   |  cpu time(s)  |  used memory(mb)  |  peak memory(mb)  
RUN-1001 : ---------------------------------------------------------------------------------------------------
RUN-1001 :       route      |    1     |  1m12s(67%)  |    88(65%)    |       1024        |       1024        
RUN-1001 :       place      |    1     |   35s(32%)   |    47(34%)    |        584        |        584        
RUN-1001 :     import_db    |    3     |    0s(0%)    |     0(0%)     |        413        |        413        
RUN-1001 :   import_device  |    1     |    0s(0%)    |     0(0%)     |        84         |        84         
RUN-1001 :       pack       |    1     |    0s(0%)    |     0(0%)     |        414        |        414        
RUN-1001 : ---------------------------------------------------------------------------------------------------
RUN-1001 :       total      |    7     |    1m47s     |      135      |       1024        |       1024        
RUN-1001 : ---------------------------------------------------------------------------------------------------
RUN-1002 : start command "report_clock_utilization -file route_clock_utilization.txt"
RUN-1001 : Device not support command report_clock_utilization.
RUN-1002 : start command "export_db last_attempt_pr.db"
RUN-1001 : Exported flow parameters
RUN-1001 : Exported /
RUN-1001 : Exported libs
RUN-1001 : Exported entities
RUN-1001 : Exported ports
RUN-1001 : Exported pins
RUN-1001 : Exported instances
RUN-1001 : Exported nets
RUN-1001 : Exported buses
RUN-1001 : Exported models
RUN-1001 : Exported phy database
RUN-1001 : Exported packer
RUN-1001 : Exported congestions
RUN-1001 : Exported violations
RUN-1001 : Exported ATMR Setting
RUN-1001 : Exported timing constraints
RUN-1001 : Exported IO constraints
RUN-1001 : Exported Inst constraints
RUN-1001 : Exported ChipWatcher
RUN-1002 : start command "commit_param -step bitgen"
RUN-1001 : Print Global Property
RUN-1001 : --------------------------------------------------------
RUN-1001 :   Parameters   |  Settings  |  Default Values  |  Note  
RUN-1001 : --------------------------------------------------------
RUN-1001 :   enable_seed  |    off     |       off        |        
RUN-1001 :     message    |  standard  |     standard     |        
RUN-1001 :   qor_monitor  |     on     |        on        |        
RUN-1001 :   syn_ip_flow  |    off     |       off        |        
RUN-1001 :     thread     |    auto    |       auto       |        
RUN-1001 : --------------------------------------------------------
RUN-1001 : Print Bitgen Property
RUN-1001 : -------------------------------------------------------------
RUN-1001 :      Parameters     |  Settings  |  Default Values  |  Note  
RUN-1001 : -------------------------------------------------------------
RUN-1001 :         bin         |    off     |       off        |        
RUN-1001 :       gen_mask      |    off     |       off        |        
RUN-1001 :      time_info      |     on     |        on        |        
RUN-1001 :   unused_io_status  |   pullup   |      pullup      |        
RUN-1001 :       version       |    0x00    |       0x00       |        
RUN-1001 : -------------------------------------------------------------
RUN-1002 : start command "bitgen -bit last_attempt.bit"
RUN-1002 : start command "export_bid last_attempt_inst.bid"
BIT-1003 : Start to generate bitstream. 
BIT-1002 : Init instances with 20 threads.
BIT-1002 : Init instances completely, inst num: 6578
BIT-1002 : Init pips with 20 threads.
BIT-1002 : Init pips completely, net num: 14025, pip num: 145899
BIT-1002 : Init feedthrough with 20 threads.
BIT-1002 : Init feedthrough completely, num: 861
BIT-1003 : Multithreading accelaration with 20 threads.
BIT-1003 : Generate bitstream completely, there are 408299 bits set as '1'.
BIT-1004 : PLL setting string = 1110
BIT-1004 : Generate bits file last_attempt.bit.
RUN-1003 : finish command "bitgen -bit last_attempt.bit" in  2.091983s wall, 32.937500s user + 0.687500s system = 33.625000s CPU (1607.3%)

RUN-1004 : used memory is 1027 MB, reserved memory is 1138 MB, peak memory is 1028 MB
RUN-1002 : start command "setup_debugger ../../chip_debugger"
KIT-1004 : Update chipwatcher trigger condition
KIT-1004 : Generate chipwatcher configuration file: cw/compiled.cwc
KIT-1004 : Generate chipwatcher bit file: cw/compiled.bit
RUN-1002 : start command "export_bitgen_param -file .bitgen_param.f"
RUN-1002 : start command "export_flow_status -s opt_place -e bitgen"
RUN-1002 : start command "flow_status"

Location         : D:\FPGA\workplace6_2_1\last_attempt\prj\last_attempt_Runs\phy_1
Running with     : Tang Dynasty v6.2.168116
                   Copyright (c) 2012-2025 Anlogic Inc.
Top Model        : last_attempt
Device           : EG4S20BG256
Speed            : NA

Timing Mode      : final
Setup            : WNS -6565ps  TNS -1686230ps  NUM_FEPS  2163
Hold             : WNS -2967ps  TNS   -62796ps  NUM_FEPS    41

RUN-1001 : Flow Statistics:
RUN-1001 : ---------------------------------------------------------------------------------------------------
RUN-1001 :      command     |  #calls  |  wall time   |  cpu time(s)  |  used memory(mb)  |  peak memory(mb)  
RUN-1001 : ---------------------------------------------------------------------------------------------------
RUN-1001 :       route      |    1     |  1m12s(66%)  |    88(52%)    |       1024        |       1024        
RUN-1001 :       place      |    1     |   35s(32%)   |    47(28%)    |        584        |        584        
RUN-1001 :      bitgen      |    1     |    2s(1%)    |    32(19%)    |       1027        |       1028        
RUN-1001 :     import_db    |    3     |    0s(0%)    |     0(0%)     |        413        |        413        
RUN-1001 :   import_device  |    1     |    0s(0%)    |     0(0%)     |        84         |        84         
RUN-1001 :       pack       |    1     |    0s(0%)    |     0(0%)     |        414        |        414        
RUN-1001 : ---------------------------------------------------------------------------------------------------
RUN-1001 :       total      |    8     |    1m49s     |      167      |       1027        |       1028        
RUN-1001 : ---------------------------------------------------------------------------------------------------
